--- edge convention bracket, S=2, A=0 ---
  Delta=0.040 edge=loose  Z=1.2945187  optimal  (1.2s)
  Delta=0.040 edge=relax  Z=1.2945187  optimal  (1.2s)
/Users/samuellavery/work/helix_frobenius/tmp/_t3.py:17: UserWarning: Solution may be inaccurate. Try another solver, adjusting the solver settings, or solve with verbose=True for more information.
  p=cp.Problem(cp.Minimize(obj),cons); p.solve(solver=solver,**kw)
  Delta=0.040 edge=strict Z=1.3211943  optimal_inaccurate  (2.0s)
  Delta=0.020 edge=loose  Z=1.3076367  optimal_inaccurate  (23.9s)
  Delta=0.020 edge=relax  Z=1.3076367  optimal_inaccurate  (25.6s)
  Delta=0.020 edge=strict Z=1.3211703  optimal_inaccurate  (28.7s)
--- profile of the A=0 optimum, Delta=0.02, edge=relax (rhat density c_j/Delta) ---
   x=0.00  c/D=+0.98499
   x=0.02  c/D=+0.98369
   x=0.04  c/D=+0.97991
   x=0.06  c/D=+0.97369
   x=0.08  c/D=+0.96511
   x=0.10  c/D=+0.95430
   x=0.88  c/D=+0.08404
   x=0.90  c/D=+0.06854
   x=0.92  c/D=+0.05414
   x=0.94  c/D=+0.04088
   x=0.96  c/D=+0.02881
   x=0.98  c/D=+0.01797
   x=1.00  c/D=+0.00837
   x=1.02  c/D=+0.00000
   x=1.04  c/D=-0.00710
   x=1.06  c/D=-0.01302
   x=1.08  c/D=-0.01782
   x=1.10  c/D=-0.02154
   x=1.12  c/D=-0.02430
   x=1.14  c/D=-0.02616
   x=1.16  c/D=-0.02722
   x=1.18  c/D=-0.02758
   x=1.40  c/D=-0.00983
   x=1.60  c/D=-0.00015
   x=1.80  c/D=-0.00001
   x=1.98  c/D=-0.00000
--- solver cross-check (SCS) ---
  Delta=0.04 SCS Z=1.2945182 optimal_inaccurate
