crossing A* at the SATURATED type S=4 (best shot for the route)
   D=0.05 A=0.32500 Z=1.3302994 [optimal [14.3s]]
   D=0.05 A=0.18750 Z=1.3236248 [optimal [11.9s]]
   D=0.05 A=0.25625 Z=1.3262171 [optimal [10.6s]]
   D=0.05 A=0.29063 Z=1.3280709 [optimal [11.5s]]
   D=0.05 A=0.27344 Z=1.3271016 [optimal [11.8s]]
   D=0.05 A=0.28203 Z=1.3275778 [optimal [12.6s]]
   D=0.05 A=0.27773 Z=1.3273371 [optimal [14.2s]]
   D=0.05 A=0.27988 Z=1.3274571 [optimal [13.7s]]
   D=0.05 A=0.28096 Z=1.3275174 [optimal [19.4s]]
   D=0.05 A=0.28042 Z=1.3274873 [optimal [12.8s]]
   D=0.05 A=0.28069 Z=1.3275023 [optimal [12.3s]]
  ==> Delta=0.05: A* = 0.2806, W*=0.5611, Selberg factor e^(-A*/4)=0.9323
   D=0.04 A=0.32500 Z=1.3305121 [optimal [30.0s]]
/Users/samuellavery/work/helix_frobenius/tmp/att034b_stripB.py:121: UserWarning: Solution may be inaccurate. Try another solver, adjusting the solver settings, or solve with verbose=True for more information.
  val = prob.solve(solver=solver, verbose=verbose)
   D=0.04 A=0.18750 Z=1.3238428 [optimal_inaccurate [77.3s]]
   D=0.04 A=0.25625 Z=1.3264552 [optimal_inaccurate [54.2s]]
   D=0.04 A=0.29063 Z=1.3282825 [optimal [37.3s]]
   D=0.04 A=0.27344 Z=1.3273221 [optimal [54.9s]]
   D=0.04 A=0.28203 Z=1.3277929 [optimal [35.0s]]
   D=0.04 A=0.27773 Z=1.3275546 [optimal [36.9s]]
   D=0.04 A=0.27559 Z=1.3274376 [optimal [32.4s]]
   D=0.04 A=0.27666 Z=1.3274960 [optimal [39.4s]]
   D=0.04 A=0.27720 Z=1.3275252 [optimal [36.1s]]
   D=0.04 A=0.27693 Z=1.3275106 [optimal_inaccurate [51.8s]]
  ==> Delta=0.04: A* = 0.2768, W*=0.5536, Selberg factor e^(-A*/4)=0.9331
