====================================================================================================
V1  independent contour: r = 0.985, N = 4096, dps = 45, nmax = 2000
    radius validity: 1/(1-r^2) = 33.585 ; every nontrivial zero has beta^2+gamma^2 >= 14.1347^2 = 199.79, so NO zero image is inside |z| < r.  Unconditional.
      tot 500/2048  [1s]
      tot 1000/2048  [2s]
      tot 1500/2048  [4s]
      tot 2000/2048  [5s]
    max |Im| of total coeffs: 1.757e-32
      arch 500/2048  [0s]
      arch 1000/2048  [1s]
      arch 1500/2048  [1s]
      arch 2000/2048  [1s]
    lambda_1^arith (mine)  = 0.577215664902   gamma_E = 0.577215664902   diff 0.00e+00
    lambda_1 (mine)        = 0.0230957089661210   closed form 1+g/2-log(4pi)/2 = 0.0230957089661210
    lambda_1^arch (mine)   = -0.554119955935   closed 1-log(pi)/2+psi(1/2)/2 = -0.554119955935
    vs THEIR arith array : max abs 9.024e-13   max rel 8.919e-13
    vs THEIR arch  array : max rel 1.162e-15
    min lambda_n over n<=2000 = 0.02309571 at n=1  (Li positivity)
    max |arith|/arch on [200,2000] = 1.1332e-02

[7s] verification stage 'v1' done
