  A= 0.00  Z=1.3201073  2-Z=0.6798927  [optimal [11.9s]]
/Users/samuellavery/work/helix_frobenius/tmp/att034b_stripB.py:121: UserWarning: Solution may be inaccurate. Try another solver, adjusting the solver settings, or solve with verbose=True for more information.
  val = prob.solve(solver=solver, verbose=verbose)
  A= 0.02  Z=1.3201622  2-Z=0.6798378  [optimal_inaccurate [14.9s]]
  A= 0.04  Z=1.3203259  2-Z=0.6796741  [optimal [13.2s]]
  A= 0.06  Z=1.3205944  2-Z=0.6794056  [optimal [20.2s]]
  A= 0.08  Z=1.3209620  2-Z=0.6790380  [optimal [13.7s]]
  A= 0.10  Z=1.3214173  2-Z=0.6785827  [optimal [13.3s]]
  A= 0.14  Z=1.3224098  2-Z=0.6775902  [optimal [12.8s]]
  A= 0.18  Z=1.3233947  2-Z=0.6766053  [optimal [20.0s]]
  A= 0.22  Z=1.3246995  2-Z=0.6753005  [optimal [12.1s]]
  A= 0.28  Z=1.3274637  2-Z=0.6725363  [optimal [11.4s]]
  A= 0.35  Z=1.3321011  2-Z=0.6678989  [optimal [10.9s]]
  A= 0.45  Z=1.3405537  2-Z=0.6594463  [optimal [11.8s]]
  A= 0.60  Z=1.3573097  2-Z=0.6426903  [optimal [12.0s]]
  A= 0.80  Z=1.3871287  2-Z=0.6128713  [optimal [11.8s]]
  A= 1.00  Z=1.4291774  2-Z=0.5708226  [optimal [10.9s]]

  required decay rate c in a hypothetical  #{|beta-1/2|>A/logT} <= C e^{-cA} N
  (C=1, i.e. maximally generous), for the route to reach 0.6725007:
    c=   0.2: best 2-Z(A)-e^(-cA) = -0.205859  at A=0.80   fails 0.6725007
    c=   1.0: best 2-Z(A)-e^(-cA) = +0.202943  at A=1.00   fails 0.6725007
    c=   2.0: best 2-Z(A)-e^(-cA) = +0.435487  at A=1.00   fails 0.6725007
    c=   5.0: best 2-Z(A)-e^(-cA) = +0.594556  at A=0.80   fails 0.6725007
    c=  10.0: best 2-Z(A)-e^(-cA) = +0.648337  at A=0.45   fails 0.6725007
    c=  20.0: best 2-Z(A)-e^(-cA) = +0.668838  at A=0.28   fails 0.6725007
    c=  30.0: best 2-Z(A)-e^(-cA) = +0.673940  at A=0.22   BEATS 0.6725007
    c=  40.0: best 2-Z(A)-e^(-cA) = +0.675859  at A=0.18   BEATS 0.6725007
    c=  50.0: best 2-Z(A)-e^(-cA) = +0.676678  at A=0.14   BEATS 0.6725007
    c=  60.0: best 2-Z(A)-e^(-cA) = +0.677365  at A=0.14   BEATS 0.6725007
    c=  80.0: best 2-Z(A)-e^(-cA) = +0.678247  at A=0.10   BEATS 0.6725007
    c= 100.0: best 2-Z(A)-e^(-cA) = +0.678702  at A=0.08   BEATS 0.6725007
