/Users/samuellavery/work/helix_frobenius/tmp/att034_verifyA.py:123: UserWarning: Solution may be inaccurate. Try another solver, adjusting the solver settings, or solve with verbose=True for more information.
  prob.solve(solver=solver, verbose=verbose)
P1  Montgomery-Taylor 1/c*_1 = 1/2 + 2^{-1/2}cot(2^{-1/2}) = 1.3274992963
P1  zeta23 (7.4) c*_1 = 0.5326607578   (printed 0.7532960...), 1/c*_1 = 1.8773675089
P1  2 - 1/c*_1 = 0.6725007037   (zeta23 Theorem D prints 0.67250...)

P2  BGSTB (arXiv 2306.04799) reproduction, A = 1/2  <=>  sech(alpha)
  Fejer      j(0)=1.0000000000 (printed 1.0000000000)  2*int a j sech=0.2913876354 (printed 0.2913876354)
             int j sech=0.4640648393 (printed 0.4640648392)  Z=1.3913870715  2-Z=0.6086129285 (printed 0.608612927)  diff=1.51e-09
  Mont-Taylr j(0)=1.0061271909 (printed 1.0061271908)  2*int a j sech=0.2832624869 (printed 0.2832624869)
             int j sech=0.4663199125 (printed 0.4663199124)  Z=1.3825162119  2-Z=0.6174837881 (printed 0.617483786)  diff=2.13e-09

==============================================================================
QUADRATURE AUDIT: m = round(S/Delta) (midpoint) vs +1 (full-weight ends)
==============================================================================
  Delta=0.0400   m=S/D : 1.32701028 (err -4.89e-04)   m=S/D+1 : 1.30114887 (err -2.64e-02)
  Delta=0.0200   m=S/D : 1.32737705 (err -1.22e-04)   m=S/D+1 : 1.31406902 (err -1.34e-02)
  Delta=0.0100   m=S/D : 1.32746874 (err -3.06e-05)   m=S/D+1 : 1.32071858 (err -6.78e-03)

==============================================================================
V0/V1  POSITIVE CONTROL:  S=1, A=0.  Expect 1.3274992963, order Delta^2.
==============================================================================
  Delta=0.0800  Z=1.35447280   err=+2.697e-02   status=optimal   min_u r(u)=-2.23e-10
  Delta=0.0400  Z=1.32701028   err=-4.890e-04   status=optimal   min_u r(u)=-1.52e-09
  Delta=0.0200  Z=1.32737705   err=-1.222e-04   status=optimal   min_u r(u)=-6.12e-11
  Delta=0.0100  Z=1.32746874   err=-3.056e-05   status=optimal   min_u r(u)=-7.87e-11
  Delta=0.0050  Z=1.32749165   err=-7.641e-06   status=optimal   min_u r(u)=-6.73e-11
  --- observed convergence order (successive Deltas halved) ---
    Delta 0.080->0.040->0.020 : ratios -55.159, 4.000  => order 2.000
    Delta 0.040->0.020->0.010 : ratios 4.000, 4.000  => order 2.000
    Delta 0.020->0.010->0.005 : ratios 4.000, 3.999  => order 2.000
  Richardson(order2) from Delta=0.010,0.005 : 1.327499295   (target 1.327499296, diff -1.45e-09)

==============================================================================
V0  SPIKE TEST (trap (i)): objective with MASS instead of DENSITY at 0
==============================================================================
  Delta=0.0400  Z_massSpike=None  status=unbounded (density-spike -> 1.3274993)
  Delta=0.0200  Z_massSpike=None  status=unbounded (density-spike -> 1.3274993)
  Delta=0.0100  Z_massSpike=None  status=unbounded (density-spike -> 1.3274993)
  -> if the spike is read as a MASS the value collapses and is Delta-blind;
     this is the mu^2/DC term being deleted.  Confirms trap (i).

==============================================================================
V2  EDGE-GAUGE BUG REPRODUCTION (the reported gate failure), S=1, A=0.5
==============================================================================
  Delta=0.0400  with edge gauge 1.410220   without 1.381681   cost +0.028539
  Delta=0.0200  with edge gauge 1.395974   without 1.382092   cost +0.013883
  Delta=0.0100  with edge gauge 1.389041   without 1.382194   cost +0.006847

==============================================================================
V2/V4  WHOLE-TSANG-CLASS at A=1/2, S=1  (must be <= BGSTB's MT value)
==============================================================================
  feasible points:  Fejer Z=1.3913871   Montgomery-Taylor Z=1.3825162
  Delta=0.0400  Z=1.3816807  status=optimal  min_u r=1.91e-04  min strip Re r=-3.81e-09 (w*=0.1592)
  Delta=0.0200  Z=1.3820915  status=optimal  min_u r=4.76e-05  min strip Re r=-7.22e-11 (w*=0.1592)
  Delta=0.0100  Z=1.3821942  status=optimal  min_u r=1.19e-05  min strip Re r=-7.37e-11 (w*=0.1592)
  Richardson -> 1.3822285
  same but with BGSTB's extra pointwise j>=0 constraint: Z=1.3821939

==============================================================================
V3  STRIP FEASIBILITY OVER ALL |w| <= A/pi  (is the single slice enough?)
==============================================================================
  A=0.25 S=2 Delta=0.02 : Z=1.316709  min_u r=-2.152e-07   min_{v,w} Re r=-3.102e-07 at w=0.0796 (w_max=0.0796)
  A=0.50 S=2 Delta=0.02 : Z=1.337405  min_u r=1.306e-06   min_{v,w} Re r=-1.940e-09 at w=0.1592 (w_max=0.1592)
  A=1.00 S=2 Delta=0.02 : Z=1.437759  min_u r=1.324e-05   min_{v,w} Re r=-6.367e-09 at w=0.3183 (w_max=0.3183)

==============================================================================
V4  HEADLINE:  Z(A) at S=2 (the CGdL dip band)
==============================================================================
  A=0.000   Z(.04)=1.294823  Z(.02)=1.307715  Rich=1.312013   2-Z=0.687987   [optimal]
  A=0.100   Z(.04)=1.296397  Z(.02)=1.309212  Rich=1.313484   2-Z=0.686516   [optimal_inaccurate]
  A=0.150   Z(.04)=1.298287  Z(.02)=1.311142  Rich=1.315427   2-Z=0.684573   [optimal_inaccurate]
  A=0.200   Z(.04)=1.300806  Z(.02)=1.313683  Rich=1.317976   2-Z=0.682024   [optimal]
  A=0.208   Z(.04)=1.301259  Z(.02)=1.314137  Rich=1.318429   2-Z=0.681571   [optimal]
  A=0.250   Z(.04)=1.303842  Z(.02)=1.316709  Rich=1.320998   2-Z=0.679002   [optimal_inaccurate]
  A=0.300   Z(.04)=1.307289  Z(.02)=1.319934  Rich=1.324149   2-Z=0.675851   [optimal_inaccurate]
  A=0.500   Z(.04)=1.325166  Z(.02)=1.337405  Rich=1.341484   2-Z=0.658516   [optimal]
  A=1.000   Z(.04)=1.428651  Z(.02)=1.437759  Rich=1.440795   2-Z=0.559205   [optimal]
  A=1.500   Z(.04)=1.603168  Z(.02)=1.610479  Rich=1.612917   2-Z=0.387083   [optimal]
  A=2.000   Z(.04)=1.819485  Z(.02)=1.825771  Rich=1.827867   2-Z=0.172133   [optimal]

  crossing A* where Z(A) = 1.3274993 :
    A* = 0.3387  (linear interp on the Richardson curve)

==============================================================================
V4  band sensitivity at A=0: S = 1, 1.5, 2, 3, 4
==============================================================================
  S=1.00  Z(.04)=1.3270103  Z(.02)=1.3273771  Rich=1.3274993  2-Z=0.6725007
  S=1.50  Z(.04)=1.2952233  Z(.02)=1.3080745  Rich=1.3123582  2-Z=0.6876418
  S=2.00  Z(.04)=1.2948228  Z(.02)=1.3077153  Rich=1.3120128  2-Z=0.6879872
Traceback (most recent call last):
  File [35m"/Users/samuellavery/work/helix_frobenius/tmp/att034_verifyA.py"[0m, line [35m277[0m, in [35m<module>[0m
    [31mmain[0m[1;31m()[0m
    [31m~~~~[0m[1;31m^^[0m
  File [35m"/Users/samuellavery/work/helix_frobenius/tmp/att034_verifyA.py"[0m, line [35m269[0m, in [35mmain[0m
    v, cv, x, st = [31msolve_sdp[0m[1;31m(S, 0.0, D)[0m
                   [31m~~~~~~~~~[0m[1;31m^^^^^^^^^^^[0m
  File [35m"/Users/samuellavery/work/helix_frobenius/tmp/att034_verifyA.py"[0m, line [35m123[0m, in [35msolve_sdp[0m
    [31mprob.solve[0m[1;31m(solver=solver, verbose=verbose)[0m
    [31m~~~~~~~~~~[0m[1;31m^^^^^^^^^^^^^^^^^^^^^^^^^^^^^^^^[0m
  File [35m"/opt/homebrew/lib/python3.14/site-packages/cvxpy/problems/problem.py"[0m, line [35m687[0m, in [35msolve[0m
    return solve_func(self, *args, **kwargs)
  File [35m"/opt/homebrew/lib/python3.14/site-packages/cvxpy/problems/problem.py"[0m, line [35m1148[0m, in [35m_solve[0m
    [31mself.unpack_results[0m[1;31m(solution, solving_chain, inverse_data)[0m
    [31m~~~~~~~~~~~~~~~~~~~[0m[1;31m^^^^^^^^^^^^^^^^^^^^^^^^^^^^^^^^^^^^^^^[0m
  File [35m"/opt/homebrew/lib/python3.14/site-packages/cvxpy/problems/problem.py"[0m, line [35m1453[0m, in [35munpack_results[0m
    raise error.SolverError(
    ...<2 lines>...
            "information.")
[1;35mcvxpy.error.SolverError[0m: [35mSolver 'CLARABEL' failed. Try another solver, or solve with verbose=True for more information.[0m
