
[0s] verification stage 'v7' done
====================================================================================================
V7  is n_half a measurement, or an artefact of the statistic's own design?
    (a) n_half on the REAL lambda arrays (their statistic, my code), f=0.3, ratio 2
        zeta    gamma_1=14.1347  n_half=   112  plateau=0.4834  n_h/g=7.92  n_h/g^2=0.561
        chi_-3  gamma_1= 8.0397  n_half=    68  plateau=0.6844  n_h/g=8.46  n_h/g^2=1.052
        chi_5   gamma_1= 6.6485  n_half=    54  plateau=0.8105  n_h/g=8.12  n_h/g^2=1.222
        chi_8   gamma_1= 4.9000  n_half=    40  plateau=0.8311  n_h/g=8.16  n_h/g^2=1.666
        exponent p = +0.973   r = +0.9985   (030 reports p = +0.982, r = +0.9987)
    (b) SYNTHETIC control: PURE lowest-zero cosine, NO primes, NO arithmetic at all.
        y_n = 2 - 2 cos(2 n arctan(1/(2 gamma))) for a grid of gamma.
        gamma=  4.90  n_half=    23   n_h/gamma = 4.69
        gamma=  6.65  n_half=    40   n_h/gamma = 6.02
        gamma=  8.04  n_half=    48   n_h/gamma = 5.97
        gamma= 11.00  n_half=    66   n_h/gamma = 6.00
        gamma= 14.13  n_half=    86   n_h/gamma = 6.09
        gamma= 20.00  n_half=   121   n_h/gamma = 6.05
        gamma= 28.00  n_half=   172   n_h/gamma = 6.14
        SYNTHETIC exponent p = +1.102  (a pure single cosine, zero arithmetic content)
    (c) same synthetic control at f = 0.5 and window ratio 3
        f=0.5 ratio=2.0: p = +1.044   n_h/gamma = ['6.12', '6.17', '6.22', '6.27', '6.44', '6.45', '6.61']
        f=0.3 ratio=3.0: p = +1.175   n_h/gamma = ['2.24', '2.26', '2.99', '3.00', '2.97', '3.00', '3.04']
