
============================================================================================
B.  INDEPENDENT Var S  in NEW windows (theirs are a subset, marked *)
============================================================================================
    GATE own Z vs mpmath.siegelz over 5 pts: max|dZ| = 6.36e-07  (FAIL)

          label           T0       W      M  M(h/2)     meanS  VarS(GL24) VarS(u,exact)    V_line     resid resid/pred
       1e6 w0 *        1e+06    2100   4003    4003  -0.00025    0.196777      0.197010  0.146115  0.050894     1.0046
         1e6 w1    1.004e+06    2100   4006    4006  -0.00027    0.197266      0.197606  0.146134  0.051473     1.0160
         1e6 w2    1.008e+06    2100   4006    4006   0.00036    0.198242      0.197596  0.146149  0.051447     1.0155
         1e6 w3    1.012e+06    2100   4007    4007   0.00006    0.197266      0.197316  0.146167  0.051149     1.0096
         1e6 w4    1.016e+06    2100   4008    4008  -0.00027    0.196777      0.197254  0.146183  0.051071     1.0081
         1e6 w5     1.02e+06    2100   4011    4011   0.00004    0.196777      0.196921  0.146198  0.050723     1.0012
    1e6 WIDE x4     1.02e+06    8400  16046   16046   0.00001    0.197754      0.197198  0.146213  0.050985     1.0064
       1e5 w0 *       100000    2700   4162    4162  -0.00018    0.186333      0.186333  0.135399  0.050934     1.0054
         1e5 w1       104000    2700   4180    4180  -0.00004    0.187172      0.187184  0.135587  0.051597     1.0185
         1e5 w2       108000    2700   4197    4197   0.00013    0.186764      0.186756  0.135777  0.050978     1.0063
         1e5 w3       112000    2700   4211    4211  -0.00005    0.187382      0.187379  0.135958  0.051421     1.0150
       1e7 w0 *        1e+07    1850   4204    4204   0.00001    0.125000      0.205389  0.155015  0.050374     0.9944
         1e7 w1   1.0004e+07    1850   4206    4206  -0.00014    0.312500      0.206043  0.155016  0.051027     1.0072
         1e7 w2   1.0008e+07    1850   4205    4205   0.00019    0.375000      0.205946  0.155017  0.050928     1.0053
         1e7 w3   1.0012e+07    1850   4205    4205  -0.00018    0.187500      0.205676  0.155019  0.050658     0.9999
         1e7 w4   1.0016e+07    1850   4205    4205   0.00015    0.125000      0.205206  0.155020  0.050186     0.9906
         1e7 w5    1.002e+07    1850   4206    4206  -0.00001    0.125000      0.206552  0.155022  0.051530     1.0172

  residual at 1e5: n=4  mean 0.051233  sd 0.000328  min 0.050934  max 0.051597   (pred 1/(2pi^2) = 0.050661, mean/pred = 1.0113)
  residual at 1e6: n=6  mean 0.051126  sd 0.000297  min 0.050723  max 0.051473   (pred 1/(2pi^2) = 0.050661, mean/pred = 1.0092)
  residual at 1e7: n=6  mean 0.050784  sd 0.000486  min 0.050186  max 0.051530   (pred 1/(2pi^2) = 0.050661, mean/pred = 1.0024)
  ALL windows: n=16 mean 0.051024 sd 0.000410  sem 0.000103   mean/pred 1.0072

(done)
