================================================================================================
E.  Var(S_lines) over a window: diagonal (1/2pi^2)sum a_n^2  vs  DIRECT, many windows
================================================================================================

  cutoff X = 1591697  (120837 lines)   diagonal = 0.155015   window width 1849
       window centre   direct Var    ratio        diff  diff/(1/2pi^2)
          10000924.8     0.153811   0.9922   -0.001204         -0.0238
          10006472.1     0.154520   0.9968   -0.000495         -0.0098
          10012019.4     0.155048   1.0002    0.000034          0.0007
          10017566.7     0.154390   0.9960   -0.000624         -0.0123
          10023114.0     0.153722   0.9917   -0.001293         -0.0255
    sem of the mean ratio = 0.00157
    --> mean ratio 0.99538  sd 0.00352   mean abs bias -0.0141 in units of 1/(2pi^2)

================================================================================================
F.  sensitivity of the residual to the O(1) cutoff convention
================================================================================================
         T      X=T/4pi      X=T/2pi       X=T/pi          X=T         X=2T
            resid*2pi^2  resid*2pi^2  resid*2pi^2  resid*2pi^2  resid*2pi^2
     1e+03       1.1130       1.0048       0.9016       0.7523       0.6714
     1e+04       1.1158       1.0191       0.9320       0.8029       0.7312
     1e+05       1.0801       1.0054       0.9370       0.8323       0.7740
     1e+06       1.0642       1.0046       0.9484       0.8620       0.8243
     1e+07       1.0441       0.9944       0.9897       0.9897       0.9897
  (the record's claim 'residual = 1/(2pi^2) exactly' is the X = T/2pi column = 1.000)
