MT target 1.3274992963

====================================================================================
O1  S=2, A=0, both conventions, Delta ladder
====================================================================================
  outside  Delta=0.0800  Z=1.29373487  [optimal/CLARABEL] 0s
  outside  Delta=0.0500  Z=1.32057709  [optimal/CLARABEL] 0s
  outside  Delta=0.0400  Z=1.32079248  [optimal_inaccurate/CLARABEL] 1s
  outside  Delta=0.0250  Z=1.32102440  [optimal_inaccurate/CLARABEL] 10s
  outside  Delta=0.0200  Z=1.32107687  [optimal_inaccurate/CLARABEL] 29s
  outside  Delta=0.0125  Z=1.31839992  [optimal/SCS] 145s
  outside  Delta=0.0100  Z=1.32116527  [optimal/SCS] 466s
    Rich1(.02,.01)=1.3212537  Rich2(.02,.01)=1.3211947  Rich1(.04,.02)=1.3213612  Rich2(.04,.02)=1.3211717
  inside   Delta=0.0800  Z=1.29373487  [optimal/CLARABEL] 0s
  inside   Delta=0.0500  Z=1.28858066  [optimal/CLARABEL] 0s
  inside   Delta=0.0400  Z=1.29482284  [optimal/CLARABEL] 1s
  inside   Delta=0.0250  Z=1.30443997  [optimal_inaccurate/CLARABEL] 11s
  inside   Delta=0.0200  Z=1.30771533  [optimal/CLARABEL] 61s
  inside   Delta=0.0125  Z=1.31269421  [optimal/SCS] 171s
  inside   Delta=0.0100  Z=1.31435938  [optimal/SCS] 425s
    Rich1(.02,.01)=1.3210034  Rich2(.02,.01)=1.3165741  Rich1(.04,.02)=1.3206078  Rich2(.04,.02)=1.3120128

====================================================================================
O2  Z(A) sweep, S=2, SOUND convention, Delta=0.04/0.02, Richardson2
====================================================================================
  A=0.000   Z(.04)=1.3207925  Z(.02)=1.3210769  Rich2=1.3211717  Rich1=1.3213612  2-Rich2=0.6788283
  A=0.050   Z(.04)=1.3211909  Z(.02)=1.3213811  Rich2=1.3214445  Rich1=1.3215713  2-Rich2=0.6785555
  A=0.100   Z(.04)=1.3223572  Z(.02)=1.3226426  Rich2=1.3227378  Rich1=1.3229281  2-Rich2=0.6772622
  A=0.150   Z(.04)=1.3242405  Z(.02)=1.3245245  Rich2=1.3246191  Rich1=1.3248084  2-Rich2=0.6753809
  A=0.200   Z(.04)=1.3267435  Z(.02)=1.3270274  Rich2=1.3271220  Rich1=1.3273112  2-Rich2=0.6728780
  A=0.208   Z(.04)=1.3271949  Z(.02)=1.3274791  Rich2=1.3275738  Rich1=1.3277633  2-Rich2=0.6724262
  A=0.250   Z(.04)=1.3297592  Z(.02)=1.3300407  Rich2=1.3301345  Rich1=1.3303221  2-Rich2=0.6698655
  A=0.300   Z(.04)=1.3331612  Z(.02)=1.3334384  Rich2=1.3335307  Rich1=1.3337155  2-Rich2=0.6664693
  A=0.400   Z(.04)=1.3408026  Z(.02)=1.3410840  Rich2=1.3411779  Rich1=1.3413655  2-Rich2=0.6588221
  A=0.500   Z(.04)=1.3498666  Z(.02)=1.3501590  Rich2=1.3502565  Rich1=1.3504514  2-Rich2=0.6497435
  A=0.750   Z(.04)=1.3869364  Z(.02)=1.3872420  Rich2=1.3873439  Rich1=1.3875477  2-Rich2=0.6126561
  A=1.000   Z(.04)=1.4468296  Z(.02)=1.4471472  Rich2=1.4472531  Rich1=1.4474649  2-Rich2=0.5527469

  A* (Z(A)=MT) = 0.2067   [reported 0.2080 / implA 0.216 / implB 0.213]
  prize 2-Z(0)-0.6725007 = 0.0063276   [reported 0.0063273]
  2-Z(0.5) = 0.649744  [reported byproduct 0.649744]

====================================================================================
O3  band sweep at A=0 (CGdL publish 1.3208)
====================================================================================
  S=1.00  Z(.04)=1.3270103  Z(.02)=1.3273771  Rich2=1.3274993  2-Z=0.6725007
  S=1.25  Z(.04)=1.3241972  Z(.02)=1.3244917  Rich2=1.3245899  2-Z=0.6754101
  S=1.50  Z(.04)=1.3209086  Z(.02)=1.3212819  Rich2=1.3214063  2-Z=0.6785937
  S=2.00  Z(.04)=1.3207925  Z(.02)=1.3210769  Rich2=1.3211717  2-Z=0.6788283
  S=3.00  Z(.04)=1.3203507  Z(.02)=1.3149371  Rich2=1.3131325  2-Z=0.6868675

====================================================================================
O4  Tsang class at A=0.5, S=1 (BGSTB feasible: Fejer 1.3913871, MT 1.3825162)
====================================================================================
  Delta=0.040  Z=1.3816807 [optimal/CLARABEL]
  Delta=0.020  Z=1.3820915 [optimal/CLARABEL]
  Delta=0.010  Z=1.3821942 [optimal/CLARABEL]
  Rich2 -> 1.3822285  [reported whole-class optimum 1.382229]
