
==============================================================================
the Selberg charge and the optimised final constant
==============================================================================
  Selberg 1946 (Titchmarsh Thm 9.19(B)): N(sigma,T) << T^{1-(sigma-1/2)/4} log T,
  i.e. #{rho : beta-1/2 > A/log T} <= C e^{-A/4} N(T).

     A      Z(A)      2-Z(A)     e^{-A/4}   2-Z(A)-C e^{-A/4}  (C=1)        (C=0!)
/Users/samuellavery/work/helix_frobenius/tmp/att034b_stripB.py:121: UserWarning: Solution may be inaccurate. Try another solver, adjusting the solver settings, or solve with verbose=True for more information.
  val = prob.solve(solver=solver, verbose=verbose)
   0.00   1.320792   0.679208   1.000000     -0.320792       +0.679208
   0.05   1.321191   0.678809   0.987578     -0.308769       +0.678809
   0.10   1.322357   0.677643   0.975310     -0.297667       +0.677643
   0.15   1.324240   0.675760   0.963194     -0.287435       +0.675760
   0.20   1.326743   0.673257   0.951229     -0.277973       +0.673257
   0.25   1.329759   0.670241   0.939413     -0.269172       +0.670241
   0.50   1.349867   0.650133   0.882497     -0.232363       +0.650133
   1.00   1.446830   0.553170   0.778801     -0.225631       +0.553170
   2.00   1.831576   0.168424   0.606531     -0.438106       +0.168424
   4.00   2.882034  -0.882034   0.367879     -1.249913       -0.882034
   8.00   5.274239  -3.274239   0.135335     -3.409574       -3.274239
  12.00   7.760782  -5.760782   0.049787     -5.810569       -5.760782
  16.00  10.258646  -8.258646   0.018316     -8.276961       -8.258646
  20.00  12.696923  -10.696923   0.006738    -10.703661       -10.696923
  25.00  15.519488  -13.519488   0.001930    -13.521419       -13.519488

  best over A (C=1): -0.225631 at A=1.0   vs zeta23 Theorem D 0.6725007
