tmp/c3b16_A1.lean:65:10: warning: `HasSubset.Subset.eventuallyLE` has been deprecated: Use `LE.le.eventuallyLE` instead

Note: The updated constant is in a different namespace. Dot notation may need to be changed (e.g., from `x.eventuallyLE` to `LE.le.eventuallyLE x`).
tmp/c3b16_A1.lean:74:11: warning: `HasSubset.Subset.eventuallyLE` has been deprecated: Use `LE.le.eventuallyLE` instead

Note: The updated constant is in a different namespace. Dot notation may need to be changed (e.g., from `x.eventuallyLE` to `LE.le.eventuallyLE x`).
tmp/c3b16_A1.lean:101:4: warning: `MeasureTheory.integral_inter_add_diff` has been deprecated: Use `MeasureTheory.integral_inter_add_sdiff` instead
tmp/c3b16_A1.lean:105:4: warning: `MeasureTheory.integral_inter_add_diff` has been deprecated: Use `MeasureTheory.integral_inter_add_sdiff` instead
tmp/c3b16_A1.lean:112:42: warning: `Set.diff_subset` has been deprecated: Use `Set.sdiff_subset` instead
tmp/c3b16_A1.lean:113:19: warning: `Set.diff_subset` has been deprecated: Use `Set.sdiff_subset` instead
tmp/c3b16_A1.lean:151:4: warning: `push_neg` has been deprecated. Prefer using `push Not` instead.
If you'd rather continue using `push_neg` in your project, you can implement it as follows:
```
open Lean.Parser.Tactic in
macro "push_neg" cfg:optConfig loc:(location)? : tactic =>
  `(tactic| push $cfg:optConfig Not $[$loc]?)
```
'C3B16.Tail_antitone' depends on axioms: [propext, Classical.choice, Quot.sound]
'C3B16.Qwin_mono' depends on axioms: [propext, Classical.choice, Quot.sound]
'C3B16.Tail_zero' depends on axioms: [propext, Classical.choice, Quot.sound]
'C3B16.Qwin_ge_annulus' depends on axioms: [propext, Classical.choice, Quot.sound]
'C3B16.no_adaptive_window_of_witness' depends on axioms: [propext, Classical.choice, Quot.sound]
'C3B16.reject_shifted_minorant' depends on axioms: [propext, Classical.choice, Quot.sound]
'C3B16.reject_shifted_minorant_at_zero' depends on axioms: [propext, Classical.choice, Quot.sound]
'C3B16.cosMom_xiKernel_zero_pos' depends on axioms: [propext, Classical.choice, Quot.sound]
'C3B16.cosMom_kM2_zero_pos' depends on axioms: [propext, Classical.choice, Quot.sound]
'C3B16.mass_pos' depends on axioms: [propext, Classical.choice, Quot.sound]
'C3B16.witness_holds_at_zero' depends on axioms: [propext, Classical.choice, Quot.sound]
'C3B16.no_adaptive_window_of_exists_witness' depends on axioms: [propext, Classical.choice, Quot.sound]
'C3B16.Rker_intervalIntegrable' depends on axioms: [propext, Classical.choice, Quot.sound]
'C3B16.Rker_primitive_continuous' depends on axioms: [propext, Classical.choice, Quot.sound]
'C3B16.Tail_sub' depends on axioms: [propext, Classical.choice, Quot.sound]
'C3B16.exists_witness' depends on axioms: [propext, Classical.choice, Quot.sound]
'C3B16.no_adaptive_window' depends on axioms: [propext, Classical.choice, Quot.sound]
