'CriticalLinePhasor.XiStructure.norm_sub_lt_norm_add_iff_re_pos' depends on axioms: [propext,
 Classical.choice,
 Quot.sound]
'CriticalLinePhasor.XiStructure.norm_sub_le_norm_add_iff_re_nonneg' depends on axioms: [propext,
 Classical.choice,
 Quot.sound]
'CriticalLinePhasor.XiStructure.isHB_xiStructure_iff_chart' depends on axioms: [propext, Classical.choice, Quot.sound]
'CriticalLinePhasor.XiStructure.isHB_xiStructure_iff_halfplane' depends on axioms: [propext,
 Classical.choice,
 Quot.sound]
'CriticalLinePhasor.XiStructure.re_logDeriv_mul_normSq' depends on axioms: [propext, Classical.choice, Quot.sound]
'CriticalLinePhasor.XiStructure.re_mul_conj_pos_iff_re_logDeriv_pos' depends on axioms: [propext,
 Classical.choice,
 Quot.sound]
'CriticalLinePhasor.XiStructure.seat_anchor_chart' depends on axioms: [propext, Classical.choice, Quot.sound]
'CriticalLinePhasor.XiStructure.chart_conj_mem_iff' depends on axioms: [propext, Classical.choice, Quot.sound]
'CriticalLinePhasor.XiStructure.dominates_of_seat_nonneg' depends on axioms: [propext, Classical.choice, Quot.sound]
'CriticalLinePhasor.XiStructure.xiStructure_dominates_of_deep' depends on axioms: [propext,
 Classical.choice,
 Quot.sound]
'CriticalLinePhasor.XiStructure.seat_energy_conj_eq' depends on axioms: [propext, Classical.choice, Quot.sound]
'CriticalLinePhasor.XiStructure.xiStructure_dominates_interior_rung' depends on axioms: [propext,
 Classical.choice,
 Quot.sound]
'CriticalLinePhasor.XiStructure.xiStructure_dominates_of_rh' depends on axioms: [propext, Classical.choice, Quot.sound]
'CriticalLinePhasor.XiStructure.rh_iff_xiStructure_dominates' depends on axioms: [propext, Classical.choice, Quot.sound]
EXIT=0
