tmp/c3b3_A1.lean:85:6: warning: `push_neg` has been deprecated. Prefer using `push Not` instead.
If you'd rather continue using `push_neg` in your project, you can implement it as follows:
```
open Lean.Parser.Tactic in
macro "push_neg" cfg:optConfig loc:(location)? : tactic =>
  `(tactic| push $cfg:optConfig Not $[$loc]?)
```
tmp/c3b3_A1.lean:88:8: warning: `push_neg` has been deprecated. Prefer using `push Not` instead.
If you'd rather continue using `push_neg` in your project, you can implement it as follows:
```
open Lean.Parser.Tactic in
macro "push_neg" cfg:optConfig loc:(location)? : tactic =>
  `(tactic| push $cfg:optConfig Not $[$loc]?)
```
'CriticalLinePhasor.XiStructure.seat_energy_nonneg_of_low' depends on axioms: [propext, Classical.choice, Quot.sound]
'CriticalLinePhasor.XiStructure.xiStructure_dominates_of_low' depends on axioms: [propext, Classical.choice, Quot.sound]
'CriticalLinePhasor.XiStructure.xiStructure_dominates_residual_iff' depends on axioms: [propext,
 Classical.choice,
 Quot.sound]
'CriticalLinePhasor.XiStructure.rh_iff_shallow_channel_dominates' depends on axioms: [propext,
 Classical.choice,
 Quot.sound]
