== INSTRUMENT 1: squeeze census ==
formal split-torus model: H^4 profile [18, 8, 8, 8, 8, 4, 4, 4, 4, 1, 1, 1, 1], D=13, commutant=648, Tate=18 | H^1 profile [2, 2, 2, 2], commutant=16
{'instrument': 'squeeze', 'p': 7, 'kind': 'SPLIT', 'H1_profile': [2, 2, 2, 2], 'H1_commutant': 16, 'H4_profile': [18, 8, 8, 8, 8, 4, 4, 4, 4, 1, 1, 1, 1], 'H4_commutant': 648, 'H4_tate': 18, 'split_formal_gate': True}
{'instrument': 'squeeze', 'p': 31, 'kind': 'SPLIT', 'H1_profile': [2, 2, 2, 2], 'H1_commutant': 16, 'H4_profile': [18, 8, 8, 8, 8, 4, 4, 4, 4, 1, 1, 1, 1], 'H4_commutant': 648, 'H4_tate': 18, 'split_formal_gate': True}
{'instrument': 'squeeze', 'p': 37, 'kind': 'SPLIT', 'H1_profile': [2, 2, 2, 2], 'H1_commutant': 16, 'H4_profile': [18, 8, 8, 8, 8, 4, 4, 4, 4, 1, 1, 1, 1], 'H4_commutant': 648, 'H4_tate': 18, 'split_formal_gate': True}
{'instrument': 'squeeze', 'p': 43, 'kind': 'SPLIT', 'H1_profile': [2, 2, 2, 2], 'H1_commutant': 16, 'H4_profile': [18, 8, 8, 8, 8, 4, 4, 4, 4, 1, 1, 1, 1], 'H4_commutant': 648, 'H4_tate': 18, 'split_formal_gate': True}
{'instrument': 'squeeze', 'p': 5, 'kind': 'INERT', 'H1_profile': [2, 2, 2, 2], 'H1_commutant': 16, 'H4_profile': [20, 16, 9, 9, 8, 8], 'H4_commutant': 946, 'H4_tate': 20, 'split_formal_gate': None}
{'instrument': 'squeeze', 'p': 11, 'kind': 'INERT', 'H1_profile': [1, 1, 1, 1, 1, 1, 1, 1], 'H1_commutant': 8, 'H4_profile': [10, 8, 5, 5, 4, 4, 4, 4, 4, 4, 2, 2, 2, 2, 2, 2, 2, 2, 1, 1], 'H4_commutant': 344, 'H4_tate': 10, 'split_formal_gate': None}
{'instrument': 'squeeze', 'p': 17, 'kind': 'INERT', 'H1_profile': [1, 1, 1, 1, 1, 1, 1, 1], 'H1_commutant': 8, 'H4_profile': [10, 8, 4, 4, 4, 4, 4, 4, 4, 4, 2, 2, 2, 2, 2, 2, 2, 2, 1, 1, 1, 1], 'H4_commutant': 328, 'H4_tate': 10, 'split_formal_gate': None}
{'instrument': 'squeeze', 'p': 23, 'kind': 'INERT', 'H1_profile': [1, 1, 1, 1, 1, 1, 1, 1], 'H1_commutant': 8, 'H4_profile': [10, 8, 4, 4, 4, 4, 4, 4, 4, 4, 2, 2, 2, 2, 2, 2, 2, 2, 1, 1, 1, 1], 'H4_commutant': 328, 'H4_tate': 10, 'split_formal_gate': None}
census upper bounds: dim C(H^1) <= 8 (Faltings truth-gate level: true value = dim End^0(B)); dim C(H^4) <= 328
== lower side: seed-orbit under the divisor-transport algebra ==
Traceback (most recent call last):
  File [35m"/Users/samuellavery/work/helix_frobenius/tmp/cable_instruments.sage.py"[0m, line [35m348[0m, in [35m<module>[0m
    [31mrun[0m[1;31m()[0m
    [31m~~~[0m[1;31m^^[0m
  File [35m"/Users/samuellavery/work/helix_frobenius/tmp/cable_instruments.sage.py"[0m, line [35m264[0m, in [35mrun[0m
    rng = random.Random(_sage_const_20260727 )
  File [35m"/var/tmp/sage-10.9-current/local/lib/python3.14/random.py"[0m, line [35m125[0m, in [35m__init__[0m
    [31mself.seed[0m[1;31m(x)[0m
    [31m~~~~~~~~~[0m[1;31m^^^[0m
  File [35m"/var/tmp/sage-10.9-current/local/lib/python3.14/random.py"[0m, line [35m170[0m, in [35mseed[0m
    raise TypeError('The only supported seed types are:\n'
                    'None, int, float, str, bytes, and bytearray.')
[1;35mTypeError[0m: [35mThe only supported seed types are:
None, int, float, str, bytes, and bytearray.[0m
