ℹ [8697/8699] Replayed RequestProject.CarrierLatticePoisson
info: RequestProject/CarrierLatticePoisson.lean:229:0: 'CriticalLinePhasor.CarrierLatticePoisson.strandTheta_inv' depends on axioms: [propext, Classical.choice, Quot.sound]
info: RequestProject/CarrierLatticePoisson.lean:230:0: 'CriticalLinePhasor.CarrierLatticePoisson.bankGauss_eq_pow' depends on axioms: [propext, Classical.choice, Quot.sound]
info: RequestProject/CarrierLatticePoisson.lean:231:0: 'CriticalLinePhasor.CarrierLatticePoisson.bankGauss_inv' depends on axioms: [propext, Classical.choice, Quot.sound]
info: RequestProject/CarrierLatticePoisson.lean:232:0: 'CriticalLinePhasor.CarrierLatticePoisson.matrixTheta_inv' depends on axioms: [propext, Classical.choice, Quot.sound]
info: RequestProject/CarrierLatticePoisson.lean:233:0: 'CriticalLinePhasor.CarrierLatticePoisson.matrixTheta_eq_pow' depends on axioms: [propext, Classical.choice, Quot.sound]
info: RequestProject/CarrierLatticePoisson.lean:234:0: 'CriticalLinePhasor.CarrierLatticePoisson.one_le_matrixTheta' depends on axioms: [propext, Classical.choice, Quot.sound]
⚠ [8698/8699] Replayed RequestProject.ThetaWronskianSuzukiGram
info: RequestProject/ThetaWronskianSuzukiGram.lean:85:2: Try this:
  [apply] ring_nf
  
  The `ring` tactic failed to close the goal. Use `ring_nf` to obtain a normal form.
    
  Note that `ring` works primarily in *commutative* rings. If you have a noncommutative ring, abelian group or module, consider using `noncomm_ring`, `abel` or `module` instead.
info: RequestProject/ThetaWronskianSuzukiGram.lean:355:2: Try this:
  [apply] ring_nf
  
  The `ring` tactic failed to close the goal. Use `ring_nf` to obtain a normal form.
    
  Note that `ring` works primarily in *commutative* rings. If you have a noncommutative ring, abelian group or module, consider using `noncomm_ring`, `abel` or `module` instead.
info: RequestProject/ThetaWronskianSuzukiGram.lean:404:2: Try this:
  [apply] ring_nf
  
  The `ring` tactic failed to close the goal. Use `ring_nf` to obtain a normal form.
    
  Note that `ring` works primarily in *commutative* rings. If you have a noncommutative ring, abelian group or module, consider using `noncomm_ring`, `abel` or `module` instead.
warning: RequestProject/ThetaWronskianSuzukiGram.lean:1397:43: Used `tac1 <;> tac2` where `(tac1; tac2)` would suffice

Note: This linter can be disabled with `set_option linter.unnecessarySeqFocus false`
warning: RequestProject/ThetaWronskianSuzukiGram.lean:1402:43: Used `tac1 <;> tac2` where `(tac1; tac2)` would suffice

Note: This linter can be disabled with `set_option linter.unnecessarySeqFocus false`
warning: RequestProject/ThetaWronskianSuzukiGram.lean:1656:43: Used `tac1 <;> tac2` where `(tac1; tac2)` would suffice

Note: This linter can be disabled with `set_option linter.unnecessarySeqFocus false`
warning: RequestProject/ThetaWronskianSuzukiGram.lean:1661:43: Used `tac1 <;> tac2` where `(tac1; tac2)` would suffice

Note: This linter can be disabled with `set_option linter.unnecessarySeqFocus false`
warning: RequestProject/ThetaWronskianSuzukiGram.lean:1786:43: Used `tac1 <;> tac2` where `(tac1; tac2)` would suffice

Note: This linter can be disabled with `set_option linter.unnecessarySeqFocus false`
info: RequestProject/ThetaWronskianSuzukiGram.lean:2894:2: Try this:
  [apply] ring_nf
  
  The `ring` tactic failed to close the goal. Use `ring_nf` to obtain a normal form.
    
  Note that `ring` works primarily in *commutative* rings. If you have a noncommutative ring, abelian group or module, consider using `noncomm_ring`, `abel` or `module` instead.
warning: RequestProject/ThetaWronskianSuzukiGram.lean:3691:2: `push_neg` has been deprecated. Prefer using `push Not` instead.
If you'd rather continue using `push_neg` in your project, you can implement it as follows:
```
open Lean.Parser.Tactic in
macro "push_neg" cfg:optConfig loc:(location)? : tactic =>
  `(tactic| push $cfg:optConfig Not $[$loc]?)
```
warning: RequestProject/ThetaWronskianSuzukiGram.lean:4214:13: Variable name `hδ` is not explicitly referenced.

Hint: The binding can be removed (if unused) or named `_` (if used implicitly). Alternatively, prefix the name with `_` to silence this warning:
  [apply] _hδ

Note: This linter can be disabled with `set_option linter.unusedVariables false`
warning: RequestProject/ThetaWronskianSuzukiGram.lean:4284:46: Variable name `hu` is not explicitly referenced.

Hint: The binding can be removed (if unused) or named `_` (if used implicitly). Alternatively, prefix the name with `_` to silence this warning:
  [apply] _hu

Note: This linter can be disabled with `set_option linter.unusedVariables false`
warning: RequestProject/ThetaWronskianSuzukiGram.lean:9467:13: Variable name `hδ` is not explicitly referenced.

Hint: The binding can be removed (if unused) or named `_` (if used implicitly). Alternatively, prefix the name with `_` to silence this warning:
  [apply] _hδ

Note: This linter can be disabled with `set_option linter.unusedVariables false`
warning: RequestProject/ThetaWronskianSuzukiGram.lean:9504:15: Variable name `hδ` is not explicitly referenced.

Hint: The binding can be removed (if unused) or named `_` (if used implicitly). Alternatively, prefix the name with `_` to silence this warning:
  [apply] _hδ

Note: This linter can be disabled with `set_option linter.unusedVariables false`
warning: RequestProject/ThetaWronskianSuzukiGram.lean:9529:17: Variable name `h1` is not explicitly referenced.

Hint: The binding can be removed (if unused) or named `_` (if used implicitly). Alternatively, prefix the name with `_` to silence this warning:
  [apply] _h1

Note: This linter can be disabled with `set_option linter.unusedVariables false`
warning: RequestProject/ThetaWronskianSuzukiGram.lean:9529:31: Variable name `h12` is not explicitly referenced.

Hint: The binding can be removed (if unused) or named `_` (if used implicitly). Alternatively, prefix the name with `_` to silence this warning:
  [apply] _h12

Note: This linter can be disabled with `set_option linter.unusedVariables false`
warning: RequestProject/ThetaWronskianSuzukiGram.lean:9529:47: Variable name `h2` is not explicitly referenced.

Hint: The binding can be removed (if unused) or named `_` (if used implicitly). Alternatively, prefix the name with `_` to silence this warning:
  [apply] _h2

Note: This linter can be disabled with `set_option linter.unusedVariables false`
info: RequestProject/ThetaWronskianSuzukiGram.lean:9558:0: 'CriticalLinePhasor.ThetaWronskianSuzukiGram.riemannXiKernelTerm_summable' depends on axioms: [propext,
 Classical.choice,
 Quot.sound]
info: RequestProject/ThetaWronskianSuzukiGram.lean:9559:0: 'CriticalLinePhasor.ThetaWronskianSuzukiGram.riemannXiKernel_le_majorant' depends on axioms: [propext,
 Classical.choice,
 Quot.sound]
info: RequestProject/ThetaWronskianSuzukiGram.lean:9560:0: 'CriticalLinePhasor.ThetaWronskianSuzukiGram.riemannXiKernel_continuousOn' depends on axioms: [propext,
 Classical.choice,
 Quot.sound]
info: RequestProject/ThetaWronskianSuzukiGram.lean:9561:0: 'CriticalLinePhasor.ThetaWronskianSuzukiGram.xiThetaMoment_integrable' depends on axioms: [propext,
 Classical.choice,
 Quot.sound]
info: RequestProject/ThetaWronskianSuzukiGram.lean:9562:0: 'CriticalLinePhasor.ThetaWronskianSuzukiGram.xiThetaMoment_pos' depends on axioms: [propext,
 Classical.choice,
 Quot.sound]
info: RequestProject/ThetaWronskianSuzukiGram.lean:9563:0: 'CriticalLinePhasor.ThetaWronskianSuzukiGram.riemannXiKernel_pos' depends on axioms: [propext,
 Classical.choice,
 Quot.sound]
info: RequestProject/ThetaWronskianSuzukiGram.lean:9564:0: 'CriticalLinePhasor.ThetaWronskianSuzukiGram.centralTuran_closes_theta_levels_four_and_five' depends on axioms: [propext,
 Classical.choice,
 Quot.sound]
info: RequestProject/ThetaWronskianSuzukiGram.lean:9565:0: 'CriticalLinePhasor.ThetaWronskianSuzukiGram.theta_wronskian_two_formula' depends on axioms: [propext,
 Classical.choice,
 Quot.sound]
info: RequestProject/ThetaWronskianSuzukiGram.lean:9566:0: 'CriticalLinePhasor.ThetaWronskianSuzukiGram.theta_wronskian_three_formula' depends on axioms: [propext,
 Classical.choice,
 Quot.sound]
info: RequestProject/ThetaWronskianSuzukiGram.lean:9567:0: 'CriticalLinePhasor.ThetaWronskianSuzukiGram.finite_theta_wronskian_levels_one_to_three' depends on axioms: [propext,
 Classical.choice,
 Quot.sound]
info: RequestProject/ThetaWronskianSuzukiGram.lean:9568:0: 'CriticalLinePhasor.ThetaWronskianSuzukiGram.riemann_theta_wronskian_levels_one_to_three' depends on axioms: [propext,
 Classical.choice,
 Quot.sound]
info: RequestProject/ThetaWronskianSuzukiGram.lean:9569:0: 'CriticalLinePhasor.ThetaWronskianSuzukiGram.theta_wronskian_four_formula' depends on axioms: [propext,
 Classical.choice,
 Quot.sound]
info: RequestProject/ThetaWronskianSuzukiGram.lean:9570:0: 'CriticalLinePhasor.ThetaWronskianSuzukiGram.finite_theta_wronskian_level_four' depends on axioms: [propext,
 Classical.choice,
 Quot.sound]
info: RequestProject/ThetaWronskianSuzukiGram.lean:9571:0: 'CriticalLinePhasor.ThetaWronskianSuzukiGram.theta_moment_level_five' depends on axioms: [propext,
 Classical.choice,
 Quot.sound]
info: RequestProject/ThetaWronskianSuzukiGram.lean:9572:0: 'CriticalLinePhasor.ThetaWronskianSuzukiGram.theta_wronskian_five_formula' depends on axioms: [propext,
 Classical.choice,
 Quot.sound]
info: RequestProject/ThetaWronskianSuzukiGram.lean:9573:0: 'CriticalLinePhasor.ThetaWronskianSuzukiGram.theta_wronskian_five' depends on axioms: [propext,
 Classical.choice,
 Quot.sound]
info: RequestProject/ThetaWronskianSuzukiGram.lean:9574:0: 'CriticalLinePhasor.ThetaWronskianSuzukiGram.finite_theta_wronskian_level_five_literal' depends on axioms: [propext,
 Classical.choice,
 Quot.sound]
info: RequestProject/ThetaWronskianSuzukiGram.lean:9575:0: 'CriticalLinePhasor.ThetaWronskianSuzukiGram.suzukiAnalysisIntegral_finset' depends on axioms: [propext,
 Classical.choice,
 Quot.sound]
info: RequestProject/ThetaWronskianSuzukiGram.lean:9576:0: 'CriticalLinePhasor.ThetaWronskianSuzukiGram.suzukiIntegralGram_energy' depends on axioms: [propext,
 Classical.choice,
 Quot.sound]
info: RequestProject/ThetaWronskianSuzukiGram.lean:9577:0: 'CriticalLinePhasor.ThetaWronskianSuzukiGram.suzukiIntegralGram_posSemidef' depends on axioms: [propext,
 Classical.choice,
 Quot.sound]
info: RequestProject/ThetaWronskianSuzukiGram.lean:9578:0: 'CriticalLinePhasor.ThetaWronskianSuzukiGram.finiteSuzukiGram_iff_defect_posSemidef' depends on axioms: [propext,
 Classical.choice,
 Quot.sound]
info: RequestProject/ThetaWronskianSuzukiGram.lean:9579:0: 'CriticalLinePhasor.ThetaWronskianSuzukiGram.finiteSuzukiGram_of_contractive_factorization' depends on axioms: [propext,
 Classical.choice,
 Quot.sound]
info: RequestProject/ThetaWronskianSuzukiGram.lean:9580:0: 'CriticalLinePhasor.ThetaWronskianSuzukiGram.suzukiIntegralGram_defect_of_contraction' depends on axioms: [propext,
 Classical.choice,
 Quot.sound]
info: RequestProject/ThetaWronskianSuzukiGram.lean:9581:0: 'CriticalLinePhasor.ThetaWronskianSuzukiGram.finiteSuzukiGram_integral_of_contraction' depends on axioms: [propext,
 Classical.choice,
 Quot.sound]
info: RequestProject/ThetaWronskianSuzukiGram.lean:9582:0: 'CriticalLinePhasor.ThetaWronskianSuzukiGram.galerkin_gram_defect_posSemidef' depends on axioms: [propext,
 Classical.choice,
 Quot.sound]
info: RequestProject/ThetaWronskianSuzukiGram.lean:9583:0: 'CriticalLinePhasor.ThetaWronskianSuzukiGram.suzukiHankelGalerkin_isHermitian' depends on axioms: [propext,
 Classical.choice,
 Quot.sound]
info: RequestProject/ThetaWronskianSuzukiGram.lean:9584:0: 'CriticalLinePhasor.ThetaWronskianSuzukiGram.galerkin_fredholm_determinants_ne_zero' depends on axioms: [propext,
 Classical.choice,
 Quot.sound]
info: RequestProject/ThetaWronskianSuzukiGram.lean:9585:0: 'CriticalLinePhasor.ThetaWronskianSuzukiGram.fredholm_plus_minus_of_norm_lt_one' depends on axioms: [propext,
 Classical.choice,
 Quot.sound]
info: RequestProject/ThetaWronskianSuzukiGram.lean:9586:0: 'CriticalLinePhasor.ThetaWronskianSuzukiGram.fredholm_signed_equations_unique' depends on axioms: [propext,
 Classical.choice,
 Quot.sound]
info: RequestProject/ThetaWronskianSuzukiGram.lean:9587:0: 'CriticalLinePhasor.ThetaWronskianSuzukiGram.fredholm_signed_identification' depends on axioms: [propext,
 Classical.choice,
 Quot.sound]
info: RequestProject/ThetaWronskianSuzukiGram.lean:9588:0: 'CriticalLinePhasor.ThetaWronskianSuzukiGram.riemannXiKernelTerm_factorized' depends on axioms: [propext,
 Classical.choice,
 Quot.sound]
info: RequestProject/ThetaWronskianSuzukiGram.lean:9589:0: 'CriticalLinePhasor.ThetaWronskianSuzukiGram.xiKernelQ_hasDerivAt' depends on axioms: [propext,
 Classical.choice,
 Quot.sound]
info: RequestProject/ThetaWronskianSuzukiGram.lean:9590:0: 'CriticalLinePhasor.ThetaWronskianSuzukiGram.xiKernelInner_hasDerivAt' depends on axioms: [propext,
 Classical.choice,
 Quot.sound]
info: RequestProject/ThetaWronskianSuzukiGram.lean:9591:0: 'CriticalLinePhasor.ThetaWronskianSuzukiGram.xiKernelTermLogSlope_hasDerivAt' depends on axioms: [propext,
 Classical.choice,
 Quot.sound]
info: RequestProject/ThetaWronskianSuzukiGram.lean:9592:0: 'CriticalLinePhasor.ThetaWronskianSuzukiGram.xiKernelTermLogCurvature_neg' depends on axioms: [propext,
 Classical.choice,
 Quot.sound]
info: RequestProject/ThetaWronskianSuzukiGram.lean:9593:0: 'CriticalLinePhasor.ThetaWronskianSuzukiGram.xiCentralTuran_iff_theta_moment_three' depends on axioms: [propext,
 Classical.choice,
 Quot.sound]
info: RequestProject/ThetaWronskianSuzukiGram.lean:9594:0: 'CriticalLinePhasor.ThetaWronskianSuzukiGram.riemannXiKernelTerm_log_hasDerivAt_deriv' depends on axioms: [propext,
 Classical.choice,
 Quot.sound]
info: RequestProject/ThetaWronskianSuzukiGram.lean:9595:0: 'CriticalLinePhasor.ThetaWronskianSuzukiGram.xiExpFiveHalves_hasDerivAt' depends on axioms: [propext,
 Classical.choice,
 Quot.sound]
info: RequestProject/ThetaWronskianSuzukiGram.lean:9596:0: 'CriticalLinePhasor.ThetaWronskianSuzukiGram.riemannXiKernelTerm_hasDerivAt_logSlope_mul' depends on axioms: [propext,
 Classical.choice,
 Quot.sound]
info: RequestProject/ThetaWronskianSuzukiGram.lean:9597:0: 'CriticalLinePhasor.ThetaWronskianSuzukiGram.riemannXiKernelTerm_log_hasDerivAt' depends on axioms: [propext,
 Classical.choice,
 Quot.sound]
info: RequestProject/ThetaWronskianSuzukiGram.lean:9598:0: 'CriticalLinePhasor.ThetaWronskianSuzukiGram.xiKernelTermLogSlope_strictAntiOn' depends on axioms: [propext,
 Classical.choice,
 Quot.sound]
info: RequestProject/ThetaWronskianSuzukiGram.lean:9599:0: 'CriticalLinePhasor.ThetaWronskianSuzukiGram.riemannXiKernelTerm_log_strictConcaveOn' depends on axioms: [propext,
 Classical.choice,
 Quot.sound]
info: RequestProject/ThetaWronskianSuzukiGram.lean:9600:0: 'CriticalLinePhasor.ThetaWronskianSuzukiGram.xiKernelDerivMajorantCoeff_summable' depends on axioms: [propext,
 Classical.choice,
 Quot.sound]
info: RequestProject/ThetaWronskianSuzukiGram.lean:9601:0: 'CriticalLinePhasor.ThetaWronskianSuzukiGram.riemannXiKernel_hasDerivAt' depends on axioms: [propext,
 Classical.choice,
 Quot.sound]
info: RequestProject/ThetaWronskianSuzukiGram.lean:9602:0: 'CriticalLinePhasor.ThetaWronskianSuzukiGram.riemannXiKernel_deriv_hasDerivAt' depends on axioms: [propext,
 Classical.choice,
 Quot.sound]
info: RequestProject/ThetaWronskianSuzukiGram.lean:9603:0: 'CriticalLinePhasor.ThetaWronskianSuzukiGram.riemannXiKernel_deriv2_eq' depends on axioms: [propext,
 Classical.choice,
 Quot.sound]
info: RequestProject/ThetaWronskianSuzukiGram.lean:9604:0: 'CriticalLinePhasor.ThetaWronskianSuzukiGram.xiRadialConcavityNumerator_series' depends on axioms: [propext,
 Classical.choice,
 Quot.sound]
info: RequestProject/ThetaWronskianSuzukiGram.lean:9605:0: 'CriticalLinePhasor.ThetaWronskianSuzukiGram.xiKernelTermGateWeight_summable' depends on axioms: [propext,
 Classical.choice,
 Quot.sound]
info: RequestProject/ThetaWronskianSuzukiGram.lean:9606:0: 'CriticalLinePhasor.ThetaWronskianSuzukiGram.xiRadialConcavityNumerator_gate_variance' depends on axioms: [propext,
 Classical.choice,
 Quot.sound]
info: RequestProject/ThetaWronskianSuzukiGram.lean:9607:0: 'CriticalLinePhasor.ThetaWronskianSuzukiGram.xiSlopeVarianceDefect_nonneg' depends on axioms: [propext,
 Classical.choice,
 Quot.sound]
info: RequestProject/ThetaWronskianSuzukiGram.lean:9608:0: 'CriticalLinePhasor.ThetaWronskianSuzukiGram.tsum_xiKernelTermGateWeight_eq_ground_add_tail' depends on axioms: [propext,
 Classical.choice,
 Quot.sound]
info: RequestProject/ThetaWronskianSuzukiGram.lean:9609:0: 'CriticalLinePhasor.ThetaWronskianSuzukiGram.xiRadialConcavityNumerator_pos_iff_gate_dominates_variance' depends on axioms: [propext,
 Classical.choice,
 Quot.sound]
info: RequestProject/ThetaWronskianSuzukiGram.lean:9610:0: 'CriticalLinePhasor.ThetaWronskianSuzukiGram.xiRadialHazard_hasDerivAt' depends on axioms: [propext,
 Classical.choice,
 Quot.sound]
info: RequestProject/ThetaWronskianSuzukiGram.lean:9611:0: 'CriticalLinePhasor.ThetaWronskianSuzukiGram.xiRadialHazard_strictMonoOn_of_numerator_pos' depends on axioms: [propext,
 Classical.choice,
 Quot.sound]
info: RequestProject/ThetaWronskianSuzukiGram.lean:9612:0: 'CriticalLinePhasor.ThetaWronskianSuzukiGram.tendsto_u_mul_xiKernel_atTop' depends on axioms: [propext,
 Classical.choice,
 Quot.sound]
info: RequestProject/ThetaWronskianSuzukiGram.lean:9613:0: 'CriticalLinePhasor.ThetaWronskianSuzukiGram.tendsto_u_cube_mul_xiKernel_atTop' depends on axioms: [propext,
 Classical.choice,
 Quot.sound]
info: RequestProject/ThetaWronskianSuzukiGram.lean:9614:0: 'CriticalLinePhasor.ThetaWronskianSuzukiGram.tendsto_u_mul_xiKernel_zero' depends on axioms: [propext,
 Classical.choice,
 Quot.sound]
info: RequestProject/ThetaWronskianSuzukiGram.lean:9615:0: 'CriticalLinePhasor.ThetaWronskianSuzukiGram.tendsto_u_cube_mul_xiKernel_zero' depends on axioms: [propext,
 Classical.choice,
 Quot.sound]
info: RequestProject/ThetaWronskianSuzukiGram.lean:9616:0: 'CriticalLinePhasor.ThetaWronskianSuzukiGram.xiRadialHazard_weight_two' depends on axioms: [propext,
 Classical.choice,
 Quot.sound]
info: RequestProject/ThetaWronskianSuzukiGram.lean:9617:0: 'CriticalLinePhasor.ThetaWronskianSuzukiGram.xiRadialHazard_weight_four' depends on axioms: [propext,
 Classical.choice,
 Quot.sound]
info: RequestProject/ThetaWronskianSuzukiGram.lean:9618:0: 'CriticalLinePhasor.ThetaWronskianSuzukiGram.xiRadialCovarianceIntegral_eq' depends on axioms: [propext,
 Classical.choice,
 Quot.sound]
info: RequestProject/ThetaWronskianSuzukiGram.lean:9619:0: 'CriticalLinePhasor.ThetaWronskianSuzukiGram.xiRadialCovarianceIntegral_pos' depends on axioms: [propext,
 Classical.choice,
 Quot.sound]
info: RequestProject/ThetaWronskianSuzukiGram.lean:9620:0: 'CriticalLinePhasor.ThetaWronskianSuzukiGram.xiThetaMoment_three_strict_of_numerator_pos' depends on axioms: [propext,
 Classical.choice,
 Quot.sound]
info: RequestProject/ThetaWronskianSuzukiGram.lean:9621:0: 'CriticalLinePhasor.ThetaWronskianSuzukiGram.theta_wronskian_levels_four_five_of_numerator_pos' depends on axioms: [propext,
 Classical.choice,
 Quot.sound]
info: RequestProject/ThetaWronskianSuzukiGram.lean:9622:0: 'CriticalLinePhasor.ThetaWronskianSuzukiGram.theta_wronskian_levels_one_to_five_of_numerator_pos' depends on axioms: [propext,
 Classical.choice,
 Quot.sound]
info: RequestProject/ThetaWronskianSuzukiGram.lean:9623:0: 'CriticalLinePhasor.ThetaWronskianSuzukiGram.theta_wronskian_level_five_literal_of_numerator_pos' depends on axioms: [propext,
 Classical.choice,
 Quot.sound]
info: RequestProject/ThetaWronskianSuzukiGram.lean:9624:0: 'CriticalLinePhasor.ThetaWronskianSuzukiGram.xiMomentMatrix_energy' depends on axioms: [propext,
 Classical.choice,
 Quot.sound]
info: RequestProject/ThetaWronskianSuzukiGram.lean:9625:0: 'CriticalLinePhasor.ThetaWronskianSuzukiGram.xiMomentMatrix_posDef' depends on axioms: [propext,
 Classical.choice,
 Quot.sound]
info: RequestProject/ThetaWronskianSuzukiGram.lean:9626:0: 'CriticalLinePhasor.ThetaWronskianSuzukiGram.xiEvenMomentMatrix_energy' depends on axioms: [propext,
 Classical.choice,
 Quot.sound]
info: RequestProject/ThetaWronskianSuzukiGram.lean:9627:0: 'CriticalLinePhasor.ThetaWronskianSuzukiGram.xiEvenMomentMatrix_posDef' depends on axioms: [propext,
 Classical.choice,
 Quot.sound]
info: RequestProject/ThetaWronskianSuzukiGram.lean:9628:0: 'CriticalLinePhasor.ThetaWronskianSuzukiGram.exp_mul_two_sub_le' depends on axioms: [propext,
 Classical.choice,
 Quot.sound]
info: RequestProject/ThetaWronskianSuzukiGram.lean:9629:0: 'CriticalLinePhasor.ThetaWronskianSuzukiGram.xiTermGate_zero_pos' depends on axioms: [propext,
 Classical.choice,
 Quot.sound]
info: RequestProject/ThetaWronskianSuzukiGram.lean:9630:0: 'CriticalLinePhasor.ThetaWronskianSuzukiGram.xiKernelTermSlopeSquareWeight_le_decay' depends on axioms: [propext,
 Classical.choice,
 Quot.sound]
info: RequestProject/ThetaWronskianSuzukiGram.lean:9631:0: 'CriticalLinePhasor.ThetaWronskianSuzukiGram.xiKernelTermCurvatureWeight_abs_le_decay' depends on axioms: [propext,
 Classical.choice,
 Quot.sound]
info: RequestProject/ThetaWronskianSuzukiGram.lean:9632:0: 'CriticalLinePhasor.ThetaWronskianSuzukiGram.xiKernelTermGateWeight_abs_le_decay' depends on axioms: [propext,
 Classical.choice,
 Quot.sound]
info: RequestProject/ThetaWronskianSuzukiGram.lean:9633:0: 'CriticalLinePhasor.ThetaWronskianSuzukiGram.tsum_exp_neg_index_eq' depends on axioms: [propext,
 Classical.choice,
 Quot.sound]
info: RequestProject/ThetaWronskianSuzukiGram.lean:9634:0: 'CriticalLinePhasor.ThetaWronskianSuzukiGram.xiShiftedIndexTail_eq' depends on axioms: [propext,
 Classical.choice,
 Quot.sound]
info: RequestProject/ThetaWronskianSuzukiGram.lean:9635:0: 'CriticalLinePhasor.ThetaWronskianSuzukiGram.xiGateTail_abs_le' depends on axioms: [propext,
 Classical.choice,
 Quot.sound]
info: RequestProject/ThetaWronskianSuzukiGram.lean:9636:0: 'CriticalLinePhasor.ThetaWronskianSuzukiGram.tsum_xiKernelTermSlopeSquareWeight_le' depends on axioms: [propext,
 Classical.choice,
 Quot.sound]
info: RequestProject/ThetaWronskianSuzukiGram.lean:9637:0: 'CriticalLinePhasor.ThetaWronskianSuzukiGram.tsum_xiKernelTermGateWeight_ge_ground_sub_tail' depends on axioms: [propext,
 Classical.choice,
 Quot.sound]
info: RequestProject/ThetaWronskianSuzukiGram.lean:9638:0: 'CriticalLinePhasor.ThetaWronskianSuzukiGram.xiRadialConcavityNumerator_pos_of_ground_dominates_decay' depends on axioms: [propext,
 Classical.choice,
 Quot.sound]
info: RequestProject/ThetaWronskianSuzukiGram.lean:9639:0: 'CriticalLinePhasor.ThetaWronskianSuzukiGram.xiRadialConcavityNumerator_pos_of_ground_dominates_closed_decay' depends on axioms: [propext,
 Classical.choice,
 Quot.sound]
info: RequestProject/ThetaWronskianSuzukiGram.lean:9640:0: 'CriticalLinePhasor.ThetaWronskianSuzukiGram.xiThetaProfile_neg' depends on axioms: [propext,
 Classical.choice,
 Quot.sound]
info: RequestProject/ThetaWronskianSuzukiGram.lean:9641:0: 'CriticalLinePhasor.ThetaWronskianSuzukiGram.xiThetaProfile_eq_zero_add_positive' depends on axioms: [propext,
 Classical.choice,
 Quot.sound]
info: RequestProject/ThetaWronskianSuzukiGram.lean:9642:0: 'CriticalLinePhasor.ThetaWronskianSuzukiGram.four_mul_riemannXiKernelTerm_eq_thetaOperatorTerm' depends on axioms: [propext,
 Classical.choice,
 Quot.sound]
info: RequestProject/ThetaWronskianSuzukiGram.lean:9643:0: 'CriticalLinePhasor.ThetaWronskianSuzukiGram.riemannXiKernel_eq_profileOperatorSeries' depends on axioms: [propext,
 Classical.choice,
 Quot.sound]
info: RequestProject/ThetaWronskianSuzukiGram.lean:9644:0: 'CriticalLinePhasor.ThetaWronskianSuzukiGram.xiThetaSeriesTerm_hasDerivAt' depends on axioms: [propext,
 Classical.choice,
 Quot.sound]
info: RequestProject/ThetaWronskianSuzukiGram.lean:9645:0: 'CriticalLinePhasor.ThetaWronskianSuzukiGram.xiThetaSeriesDeriv1_hasDerivAt' depends on axioms: [propext,
 Classical.choice,
 Quot.sound]
info: RequestProject/ThetaWronskianSuzukiGram.lean:9646:0: 'CriticalLinePhasor.ThetaWronskianSuzukiGram.xiThetaLocalMajorantCoeff_summable' depends on axioms: [propext,
 Classical.choice,
 Quot.sound]
info: RequestProject/ThetaWronskianSuzukiGram.lean:9647:0: 'CriticalLinePhasor.ThetaWronskianSuzukiGram.xiKernelQ_pow_mul_exp_neg_le_local' depends on axioms: [propext,
 Classical.choice,
 Quot.sound]
info: RequestProject/ThetaWronskianSuzukiGram.lean:9648:0: 'CriticalLinePhasor.ThetaWronskianSuzukiGram.xiThetaSeriesDeriv1_norm_le_local' depends on axioms: [propext,
 Classical.choice,
 Quot.sound]
info: RequestProject/ThetaWronskianSuzukiGram.lean:9649:0: 'CriticalLinePhasor.ThetaWronskianSuzukiGram.xiThetaSeriesDeriv2_norm_le_local' depends on axioms: [propext,
 Classical.choice,
 Quot.sound]
info: RequestProject/ThetaWronskianSuzukiGram.lean:9650:0: 'CriticalLinePhasor.ThetaWronskianSuzukiGram.xiThetaSeriesTerm_summable' depends on axioms: [propext,
 Classical.choice,
 Quot.sound]
info: RequestProject/ThetaWronskianSuzukiGram.lean:9651:0: 'CriticalLinePhasor.ThetaWronskianSuzukiGram.xiThetaSeriesDeriv1_summable' depends on axioms: [propext,
 Classical.choice,
 Quot.sound]
info: RequestProject/ThetaWronskianSuzukiGram.lean:9652:0: 'CriticalLinePhasor.ThetaWronskianSuzukiGram.xiThetaSeriesDeriv2_summable' depends on axioms: [propext,
 Classical.choice,
 Quot.sound]
info: RequestProject/ThetaWronskianSuzukiGram.lean:9653:0: 'CriticalLinePhasor.ThetaWronskianSuzukiGram.xiThetaProfile_hasDerivAt' depends on axioms: [propext,
 Classical.choice,
 Quot.sound]
info: RequestProject/ThetaWronskianSuzukiGram.lean:9654:0: 'CriticalLinePhasor.ThetaWronskianSuzukiGram.xiThetaProfile_deriv_hasDerivAt' depends on axioms: [propext,
 Classical.choice,
 Quot.sound]
info: RequestProject/ThetaWronskianSuzukiGram.lean:9655:0: 'CriticalLinePhasor.ThetaWronskianSuzukiGram.xiThetaProfile_operatorSeries_eq' depends on axioms: [propext,
 Classical.choice,
 Quot.sound]
info: RequestProject/ThetaWronskianSuzukiGram.lean:9656:0: 'CriticalLinePhasor.ThetaWronskianSuzukiGram.riemannXiKernel_eq_profile_operator' depends on axioms: [propext,
 Classical.choice,
 Quot.sound]
info: RequestProject/ThetaWronskianSuzukiGram.lean:9657:0: 'CriticalLinePhasor.ThetaWronskianSuzukiGram.xiThetaProfile_deriv_reflection' depends on axioms: [propext,
 Classical.choice,
 Quot.sound]
info: RequestProject/ThetaWronskianSuzukiGram.lean:9658:0: 'CriticalLinePhasor.ThetaWronskianSuzukiGram.xiThetaProfile_deriv2_reflection' depends on axioms: [propext,
 Classical.choice,
 Quot.sound]
info: RequestProject/ThetaWronskianSuzukiGram.lean:9659:0: 'CriticalLinePhasor.ThetaWronskianSuzukiGram.xiThetaProfile_operator_reflection' depends on axioms: [propext,
 Classical.choice,
 Quot.sound]
info: RequestProject/ThetaWronskianSuzukiGram.lean:9660:0: 'CriticalLinePhasor.ThetaWronskianSuzukiGram.riemannXiKernel_neg' depends on axioms: [propext,
 Classical.choice,
 Quot.sound]
info: RequestProject/ThetaWronskianSuzukiGram.lean:9661:0: 'CriticalLinePhasor.ThetaWronskianSuzukiGram.riemannXiKernel_deriv_zero' depends on axioms: [propext,
 Classical.choice,
 Quot.sound]
info: RequestProject/ThetaWronskianSuzukiGram.lean:9662:0: 'CriticalLinePhasor.ThetaWronskianSuzukiGram.xiEvenQuarticJet_radialNumerator' depends on axioms: [propext,
 Classical.choice,
 Quot.sound]
info: RequestProject/ThetaWronskianSuzukiGram.lean:9663:0: 'CriticalLinePhasor.ThetaWronskianSuzukiGram.xiOriginCubicCoefficient_pos_iff' depends on axioms: [propext,
 Classical.choice,
 Quot.sound]
info: RequestProject/ThetaWronskianSuzukiGram.lean:9664:0: 'CriticalLinePhasor.ThetaWronskianSuzukiGram.xiGaussianJet3_hasDerivAt' depends on axioms: [propext,
 Classical.choice,
 Quot.sound]
info: RequestProject/ThetaWronskianSuzukiGram.lean:9665:0: 'CriticalLinePhasor.ThetaWronskianSuzukiGram.riemannXiKernelTerm_eq_gaussianJet0' depends on axioms: [propext,
 Classical.choice,
 Quot.sound]
info: RequestProject/ThetaWronskianSuzukiGram.lean:9666:0: 'CriticalLinePhasor.ThetaWronskianSuzukiGram.riemannXiKernelTerm_deriv4_eq_gaussianJet4' depends on axioms: [propext,
 Classical.choice,
 Quot.sound]
info: RequestProject/ThetaWronskianSuzukiGram.lean:9667:0: 'CriticalLinePhasor.ThetaWronskianSuzukiGram.xiKernelJet4LocalMajorantCoeff_summable' depends on axioms: [propext,
 Classical.choice,
 Quot.sound]
info: RequestProject/ThetaWronskianSuzukiGram.lean:9668:0: 'CriticalLinePhasor.ThetaWronskianSuzukiGram.xiGaussianJet4_norm_le_component_local_zero' depends on axioms: [propext,
 Classical.choice,
 Quot.sound]
info: RequestProject/ThetaWronskianSuzukiGram.lean:9669:0: 'CriticalLinePhasor.ThetaWronskianSuzukiGram.xiKernelGaussianJet4_norm_le_local_zero' depends on axioms: [propext,
 Classical.choice,
 Quot.sound]
info: RequestProject/ThetaWronskianSuzukiGram.lean:9670:0: 'CriticalLinePhasor.ThetaWronskianSuzukiGram.xiKernelJet3LocalMajorantCoeff_summable' depends on axioms: [propext,
 Classical.choice,
 Quot.sound]
info: RequestProject/ThetaWronskianSuzukiGram.lean:9671:0: 'CriticalLinePhasor.ThetaWronskianSuzukiGram.xiGaussianJet3_norm_le_component_local_zero' depends on axioms: [propext,
 Classical.choice,
 Quot.sound]
info: RequestProject/ThetaWronskianSuzukiGram.lean:9672:0: 'CriticalLinePhasor.ThetaWronskianSuzukiGram.xiKernelGaussianJet3_norm_le_local_zero' depends on axioms: [propext,
 Classical.choice,
 Quot.sound]
info: RequestProject/ThetaWronskianSuzukiGram.lean:9673:0: 'CriticalLinePhasor.ThetaWronskianSuzukiGram.xiKernelGaussianJet3_summable_zero' depends on axioms: [propext,
 Classical.choice,
 Quot.sound]
info: RequestProject/ThetaWronskianSuzukiGram.lean:9674:0: 'CriticalLinePhasor.ThetaWronskianSuzukiGram.xiKernelGaussianJet3Series_hasDerivAt_zero' depends on axioms: [propext,
 Classical.choice,
 Quot.sound]
info: RequestProject/ThetaWronskianSuzukiGram.lean:9675:0: 'CriticalLinePhasor.ThetaWronskianSuzukiGram.xiKernelGaussianJet2Series_hasDerivAt_local_zero' depends on axioms: [propext,
 Classical.choice,
 Quot.sound]
info: RequestProject/ThetaWronskianSuzukiGram.lean:9676:0: 'CriticalLinePhasor.ThetaWronskianSuzukiGram.xiKernelGaussianJet1Series_hasDerivAt_local_zero' depends on axioms: [propext,
 Classical.choice,
 Quot.sound]
info: RequestProject/ThetaWronskianSuzukiGram.lean:9677:0: 'CriticalLinePhasor.ThetaWronskianSuzukiGram.xiKernelGaussianJet0Series_hasDerivAt_local_zero' depends on axioms: [propext,
 Classical.choice,
 Quot.sound]
info: RequestProject/ThetaWronskianSuzukiGram.lean:9678:0: 'CriticalLinePhasor.ThetaWronskianSuzukiGram.xiKernelGaussianJet3Series_hasDerivAt_local_zero' depends on axioms: [propext,
 Classical.choice,
 Quot.sound]
info: RequestProject/ThetaWronskianSuzukiGram.lean:9679:0: 'CriticalLinePhasor.ThetaWronskianSuzukiGram.riemannXiKernel_hasDerivAt_gaussianJet1_local_zero' depends on axioms: [propext,
 Classical.choice,
 Quot.sound]
info: RequestProject/ThetaWronskianSuzukiGram.lean:9680:0: 'CriticalLinePhasor.ThetaWronskianSuzukiGram.riemannXiKernel_deriv_hasDerivAt_gaussianJet2_local_zero' depends on axioms: [propext,
 Classical.choice,
 Quot.sound]
info: RequestProject/ThetaWronskianSuzukiGram.lean:9681:0: 'CriticalLinePhasor.ThetaWronskianSuzukiGram.riemannXiKernel_deriv2_hasDerivAt_gaussianJet3_local_zero' depends on axioms: [propext,
 Classical.choice,
 Quot.sound]
info: RequestProject/ThetaWronskianSuzukiGram.lean:9682:0: 'CriticalLinePhasor.ThetaWronskianSuzukiGram.riemannXiKernel_deriv3_hasDerivAt_gaussianJet4_local_zero' depends on axioms: [propext,
 Classical.choice,
 Quot.sound]
info: RequestProject/ThetaWronskianSuzukiGram.lean:9683:0: 'CriticalLinePhasor.ThetaWronskianSuzukiGram.riemannXiKernel_deriv4_zero_eq' depends on axioms: [propext,
 Classical.choice,
 Quot.sound]
info: RequestProject/ThetaWronskianSuzukiGram.lean:9684:0: 'CriticalLinePhasor.ThetaWronskianSuzukiGram.exp_pi_lt_one_hundred_sixteen_div_five' depends on axioms: [propext,
 Classical.choice,
 Quot.sound]
info: RequestProject/ThetaWronskianSuzukiGram.lean:9685:0: 'CriticalLinePhasor.ThetaWronskianSuzukiGram.twenty_three_lt_exp_pi' depends on axioms: [propext,
 Classical.choice,
 Quot.sound]
info: RequestProject/ThetaWronskianSuzukiGram.lean:9686:0: 'CriticalLinePhasor.ThetaWronskianSuzukiGram.five_div_one_hundred_sixteen_lt_exp_neg_pi' depends on axioms: [propext,
 Classical.choice,
 Quot.sound]
info: RequestProject/ThetaWronskianSuzukiGram.lean:9687:0: 'CriticalLinePhasor.ThetaWronskianSuzukiGram.exp_neg_pi_lt_one_div_twenty_three' depends on axioms: [propext,
 Classical.choice,
 Quot.sound]
info: RequestProject/ThetaWronskianSuzukiGram.lean:9688:0: 'CriticalLinePhasor.ThetaWronskianSuzukiGram.originIndexAddThree_le' depends on axioms: [propext,
 Classical.choice,
 Quot.sound]
info: RequestProject/ThetaWronskianSuzukiGram.lean:9689:0: 'CriticalLinePhasor.ThetaWronskianSuzukiGram.originSevenStepExponent_le' depends on axioms: [propext,
 Classical.choice,
 Quot.sound]
info: RequestProject/ThetaWronskianSuzukiGram.lean:9690:0: 'CriticalLinePhasor.ThetaWronskianSuzukiGram.originNomePow12_pointwise_le' depends on axioms: [propext,
 Classical.choice,
 Quot.sound]
info: RequestProject/ThetaWronskianSuzukiGram.lean:9691:0: 'CriticalLinePhasor.ThetaWronskianSuzukiGram.tsum_originNomePow12_tail_lt' depends on axioms: [propext,
 Classical.choice,
 Quot.sound]
info: RequestProject/ThetaWronskianSuzukiGram.lean:9692:0: 'CriticalLinePhasor.ThetaWronskianSuzukiGram.xiKernelGaussianJet0_zero_formula' depends on axioms: [propext,
 Classical.choice,
 Quot.sound]
info: RequestProject/ThetaWronskianSuzukiGram.lean:9693:0: 'CriticalLinePhasor.ThetaWronskianSuzukiGram.xiKernelGaussianJet2_zero_formula' depends on axioms: [propext,
 Classical.choice,
 Quot.sound]
info: RequestProject/ThetaWronskianSuzukiGram.lean:9694:0: 'CriticalLinePhasor.ThetaWronskianSuzukiGram.xiKernelGaussianJet4_zero_formula' depends on axioms: [propext,
 Classical.choice,
 Quot.sound]
info: RequestProject/ThetaWronskianSuzukiGram.lean:9695:0: 'CriticalLinePhasor.ThetaWronskianSuzukiGram.exp_neg_pi_mul_index_sq_eq_nome_pow' depends on axioms: [propext,
 Classical.choice,
 Quot.sound]
info: RequestProject/ThetaWronskianSuzukiGram.lean:9696:0: 'CriticalLinePhasor.ThetaWronskianSuzukiGram.riemannXiKernel_zero_eq' depends on axioms: [propext,
 Classical.choice,
 Quot.sound]
info: RequestProject/ThetaWronskianSuzukiGram.lean:9697:0: 'CriticalLinePhasor.ThetaWronskianSuzukiGram.riemannXiKernel_deriv2_zero_eq' depends on axioms: [propext,
 Classical.choice,
 Quot.sound]
info: RequestProject/ThetaWronskianSuzukiGram.lean:9698:0: 'CriticalLinePhasor.ThetaWronskianSuzukiGram.xiRadialConcavityNumerator_zero' depends on axioms: [propext,
 Classical.choice,
 Quot.sound]
info: RequestProject/ThetaWronskianSuzukiGram.lean:9699:0: 'CriticalLinePhasor.ThetaWronskianSuzukiGram.originNomePow12Tail_summable' depends on axioms: [propext,
 Classical.choice,
 Quot.sound]
info: RequestProject/ThetaWronskianSuzukiGram.lean:9700:0: 'CriticalLinePhasor.ThetaWronskianSuzukiGram.xiOriginJet0Polynomial_bounds' depends on axioms: [propext,
 Classical.choice,
 Quot.sound]
info: RequestProject/ThetaWronskianSuzukiGram.lean:9701:0: 'CriticalLinePhasor.ThetaWronskianSuzukiGram.xiOriginJet2Polynomial_bounds' depends on axioms: [propext,
 Classical.choice,
 Quot.sound]
info: RequestProject/ThetaWronskianSuzukiGram.lean:9702:0: 'CriticalLinePhasor.ThetaWronskianSuzukiGram.xiOriginJet4Polynomial_bounds' depends on axioms: [propext,
 Classical.choice,
 Quot.sound]
info: RequestProject/ThetaWronskianSuzukiGram.lean:9703:0: 'CriticalLinePhasor.ThetaWronskianSuzukiGram.xiOriginLeadingPolynomial_bounds' depends on axioms: [propext,
 Classical.choice,
 Quot.sound]
info: RequestProject/ThetaWronskianSuzukiGram.lean:9704:0: 'CriticalLinePhasor.ThetaWronskianSuzukiGram.xiKernelGaussianJet0_shifted_abs_le' depends on axioms: [propext,
 Classical.choice,
 Quot.sound]
info: RequestProject/ThetaWronskianSuzukiGram.lean:9705:0: 'CriticalLinePhasor.ThetaWronskianSuzukiGram.xiKernelGaussianJet2_shifted_abs_le' depends on axioms: [propext,
 Classical.choice,
 Quot.sound]
info: RequestProject/ThetaWronskianSuzukiGram.lean:9706:0: 'CriticalLinePhasor.ThetaWronskianSuzukiGram.xiKernelGaussianJet4_shifted_abs_le' depends on axioms: [propext,
 Classical.choice,
 Quot.sound]
info: RequestProject/ThetaWronskianSuzukiGram.lean:9707:0: 'CriticalLinePhasor.ThetaWronskianSuzukiGram.abs_tsum_xiKernelGaussianJet0_shifted_lt' depends on axioms: [propext,
 Classical.choice,
 Quot.sound]
info: RequestProject/ThetaWronskianSuzukiGram.lean:9708:0: 'CriticalLinePhasor.ThetaWronskianSuzukiGram.abs_tsum_xiKernelGaussianJet2_shifted_lt' depends on axioms: [propext,
 Classical.choice,
 Quot.sound]
info: RequestProject/ThetaWronskianSuzukiGram.lean:9709:0: 'CriticalLinePhasor.ThetaWronskianSuzukiGram.abs_tsum_xiKernelGaussianJet4_shifted_lt' depends on axioms: [propext,
 Classical.choice,
 Quot.sound]
info: RequestProject/ThetaWronskianSuzukiGram.lean:9710:0: 'CriticalLinePhasor.ThetaWronskianSuzukiGram.xiOriginLeadingModes_bounds' depends on axioms: [propext,
 Classical.choice,
 Quot.sound]
info: RequestProject/ThetaWronskianSuzukiGram.lean:9711:0: 'CriticalLinePhasor.ThetaWronskianSuzukiGram.xiKernelGaussianJet4_summable_zero' depends on axioms: [propext,
 Classical.choice,
 Quot.sound]
info: RequestProject/ThetaWronskianSuzukiGram.lean:9712:0: 'CriticalLinePhasor.ThetaWronskianSuzukiGram.tsum_eq_first_two_add_tail' depends on axioms: [propext,
 Classical.choice,
 Quot.sound]
info: RequestProject/ThetaWronskianSuzukiGram.lean:9713:0: 'CriticalLinePhasor.ThetaWronskianSuzukiGram.xiOriginJetSeries_bounds' depends on axioms: [propext,
 Classical.choice,
 Quot.sound]
info: RequestProject/ThetaWronskianSuzukiGram.lean:9714:0: 'CriticalLinePhasor.ThetaWronskianSuzukiGram.xiOriginThetaConstant_pos' depends on axioms: [propext,
 Classical.choice,
 Quot.sound]
info: RequestProject/ThetaWronskianSuzukiGram.lean:9715:0: 'CriticalLinePhasor.ThetaWronskianSuzukiGram.xiOriginCubicCoefficient_pos' depends on axioms: [propext,
 Classical.choice,
 Quot.sound]
info: RequestProject/ThetaWronskianSuzukiGram.lean:9716:0: 'CriticalLinePhasor.ThetaWronskianSuzukiGram.xiSuzukiGram_inequality' depends on axioms: [propext,
 Classical.choice,
 Quot.sound]
info: RequestProject/ThetaWronskianSuzukiGram.lean:9717:0: 'CriticalLinePhasor.ThetaWronskianSuzukiGram.xiGalerkin_fredholm_signed_identification' depends on axioms: [propext,
 Classical.choice,
 Quot.sound]
info: RequestProject/ThetaWronskianSuzukiGram.lean:9718:0: 'CriticalLinePhasor.ThetaWronskianSuzukiGram.xiCorrectedPencil_galerkin_transfer' depends on axioms: [propext,
 Classical.choice,
 Quot.sound]
info: RequestProject/ThetaWronskianSuzukiGram.lean:9719:0: 'CriticalLinePhasor.ThetaWronskianSuzukiGram.xiSuzukiGalerkin_contraction_example' depends on axioms: [propext,
 Classical.choice,
 Quot.sound]
info: RequestProject/ThetaWronskianSuzukiGram.lean:9720:0: 'CriticalLinePhasor.ThetaWronskianSuzukiGram.xiGalerkin_fredholm_example' depends on axioms: [propext,
 Classical.choice,
 Quot.sound]
info: RequestProject/ThetaWronskianSuzukiGram.lean:9721:0: 'CriticalLinePhasor.ThetaWronskianSuzukiGram.deriv_zero_of_even' depends on axioms: [propext,
 Classical.choice,
 Quot.sound]
info: RequestProject/ThetaWronskianSuzukiGram.lean:9722:0: 'CriticalLinePhasor.ThetaWronskianSuzukiGram.xiRadialConcavityNumerator_zero_of_even' depends on axioms: [propext,
 Classical.choice,
 Quot.sound]
info: RequestProject/ThetaWronskianSuzukiGram.lean:9723:0: 'CriticalLinePhasor.ThetaWronskianSuzukiGram.xiRadialConcavityNumerator_pos_of_regions' depends on axioms: [propext,
 Classical.choice,
 Quot.sound]
info: RequestProject/ThetaWronskianSuzukiGram.lean:9724:0: 'CriticalLinePhasor.ThetaWronskianSuzukiGram.xiRadialConcavityNumerator_pos_near_origin' depends on axioms: [propext,
 Classical.choice,
 Quot.sound]
info: RequestProject/ThetaWronskianSuzukiGram.lean:9725:0: 'CriticalLinePhasor.ThetaWronskianSuzukiGram.theta_wronskian_levels_one_to_five_of_regions' depends on axioms: [propext,
 Classical.choice,
 Quot.sound]
info: RequestProject/ThetaWronskianSuzukiGram.lean:9726:0: 'CriticalLinePhasor.ThetaWronskianSuzukiGram.xiGateSeries_pos_of_half_le' depends on axioms: [propext,
 Classical.choice,
 Quot.sound]
info: RequestProject/ThetaWronskianSuzukiGram.lean:9727:0: 'CriticalLinePhasor.ThetaWronskianSuzukiGram.xiMassGate_pos_of_half_le' depends on axioms: [propext,
 Classical.choice,
 Quot.sound]
info: RequestProject/ThetaWronskianSuzukiGram.lean:9728:0: 'CriticalLinePhasor.ThetaWronskianSuzukiGram.xiSlopeVariance_ground_split' depends on axioms: [propext,
 Classical.choice,
 Quot.sound]
info: RequestProject/ThetaWronskianSuzukiGram.lean:9729:0: 'CriticalLinePhasor.ThetaWronskianSuzukiGram.riemannXiKernelTerm_succ_le_ground' depends on axioms: [propext,
 Classical.choice,
 Quot.sound]
info: RequestProject/ThetaWronskianSuzukiGram.lean:9730:0: 'CriticalLinePhasor.ThetaWronskianSuzukiGram.xiKernelTail_le_ground' depends on axioms: [propext,
 Classical.choice,
 Quot.sound]
info: RequestProject/ThetaWronskianSuzukiGram.lean:9731:0: 'CriticalLinePhasor.ThetaWronskianSuzukiGram.riemannXiKernelTerm_succ_le_ground_sharp' depends on axioms: [propext,
 Classical.choice,
 Quot.sound]
info: RequestProject/ThetaWronskianSuzukiGram.lean:9732:0: 'CriticalLinePhasor.ThetaWronskianSuzukiGram.xiKernelQ_zero_ge_bulk' depends on axioms: [propext,
 Classical.choice,
 Quot.sound]
info: RequestProject/ThetaWronskianSuzukiGram.lean:9733:0: 'CriticalLinePhasor.ThetaWronskianSuzukiGram.xiKernelTail_le_ground_sharp' depends on axioms: [propext,
 Classical.choice,
 Quot.sound]
info: RequestProject/ThetaWronskianSuzukiGram.lean:9734:0: 'CriticalLinePhasor.ThetaWronskianSuzukiGram.xiDerivTail_abs_le' depends on axioms: [propext,
 Classical.choice,
 Quot.sound]
info: RequestProject/ThetaWronskianSuzukiGram.lean:9735:0: 'CriticalLinePhasor.ThetaWronskianSuzukiGram.tsum_exp_neg_rate_le_two' depends on axioms: [propext,
 Classical.choice,
 Quot.sound]
info: RequestProject/ThetaWronskianSuzukiGram.lean:9736:0: 'CriticalLinePhasor.ThetaWronskianSuzukiGram.xiSlopeSquareTail_le' depends on axioms: [propext,
 Classical.choice,
 Quot.sound]
info: RequestProject/ThetaWronskianSuzukiGram.lean:9737:0: 'CriticalLinePhasor.ThetaWronskianSuzukiGram.xiRadialConcavityNumerator_pos_of_half_le' depends on axioms: [propext,
 Classical.choice,
 Quot.sound]
info: RequestProject/ThetaWronskianSuzukiGram.lean:9738:0: 'CriticalLinePhasor.ThetaWronskianSuzukiGram.xiTermGate_zero_ge_bulk' depends on axioms: [propext,
 Classical.choice,
 Quot.sound]
info: RequestProject/ThetaWronskianSuzukiGram.lean:9739:0: 'CriticalLinePhasor.ThetaWronskianSuzukiGram.xiGateSeries_ge_ground_sub_tail' depends on axioms: [propext,
 Classical.choice,
 Quot.sound]
info: RequestProject/ThetaWronskianSuzukiGram.lean:9740:0: 'CriticalLinePhasor.ThetaWronskianSuzukiGram.xiRadialConcavityNumerator_pos_of_ground_minus_tail' depends on axioms: [propext,
 Classical.choice,
 Quot.sound]
info: RequestProject/ThetaWronskianSuzukiGram.lean:9741:0: 'CriticalLinePhasor.ThetaWronskianSuzukiGram.xiRadialConcavityNumerator_pos_of_cubic_model' depends on axioms: [propext,
 Classical.choice,
 Quot.sound]
info: RequestProject/ThetaWronskianSuzukiGram.lean:9742:0: 'CriticalLinePhasor.ThetaWronskianSuzukiGram.theta_wronskian_levels_one_to_five_of_three_regions' depends on axioms: [propext,
 Classical.choice,
 Quot.sound]
info: RequestProject/ThetaWronskianSuzukiGram.lean:9743:0: 'CriticalLinePhasor.ThetaWronskianSuzukiGram.xiRadialCovarianceIntegrand_nonneg_mixed' depends on axioms: [propext,
 Classical.choice,
 Quot.sound]
info: RequestProject/ThetaWronskianSuzukiGram.lean:9744:0: 'CriticalLinePhasor.ThetaWronskianSuzukiGram.xiRadialCovarianceIntegrand_nonneg_outer' depends on axioms: [propext,
 Classical.choice,
 Quot.sound]
info: RequestProject/ThetaWronskianSuzukiGram.lean:9745:0: 'CriticalLinePhasor.ThetaWronskianSuzukiGram.xiTermGate_zero_strictMonoOn' depends on axioms: [propext,
 Classical.choice,
 Quot.sound]
info: RequestProject/ThetaWronskianSuzukiGram.lean:9746:0: 'CriticalLinePhasor.ThetaWronskianSuzukiGram.xiKernelTermLogCurvature_hasDerivAt' depends on axioms: [propext,
 Classical.choice,
 Quot.sound]
info: RequestProject/ThetaWronskianSuzukiGram.lean:9747:0: 'CriticalLinePhasor.ThetaWronskianSuzukiGram.xiTermGate_zero_ge_fourth' depends on axioms: [propext,
 Classical.choice,
 Quot.sound]
info: RequestProject/ThetaWronskianSuzukiGram.lean:9748:0: 'CriticalLinePhasor.ThetaWronskianSuzukiGram.xiKernelQ_zero_at_fifth_bracket' depends on axioms: [propext,
 Classical.choice,
 Quot.sound]
info: RequestProject/ThetaWronskianSuzukiGram.lean:9749:0: 'CriticalLinePhasor.ThetaWronskianSuzukiGram.xiTermGate_zero_ge_two' depends on axioms: [propext,
 Classical.choice,
 Quot.sound]
info: RequestProject/ThetaWronskianSuzukiGram.lean:9750:0: 'CriticalLinePhasor.ThetaWronskianSuzukiGram.riemannXiKernelTerm_succ_le_ground_mid' depends on axioms: [propext,
 Classical.choice,
 Quot.sound]
info: RequestProject/ThetaWronskianSuzukiGram.lean:9751:0: 'CriticalLinePhasor.ThetaWronskianSuzukiGram.xiKernelQ_zero_ge_twofifths' depends on axioms: [propext,
 Classical.choice,
 Quot.sound]
info: RequestProject/ThetaWronskianSuzukiGram.lean:9752:0: 'CriticalLinePhasor.ThetaWronskianSuzukiGram.xiQWeightedTail_le_mid' depends on axioms: [propext,
 Classical.choice,
 Quot.sound]
info: RequestProject/ThetaWronskianSuzukiGram.lean:9753:0: 'CriticalLinePhasor.ThetaWronskianSuzukiGram.xiGateTail_abs_le_mid' depends on axioms: [propext,
 Classical.choice,
 Quot.sound]
info: RequestProject/ThetaWronskianSuzukiGram.lean:9754:0: 'CriticalLinePhasor.ThetaWronskianSuzukiGram.xiKernelTail_le_ground_mid' depends on axioms: [propext,
 Classical.choice,
 Quot.sound]
info: RequestProject/ThetaWronskianSuzukiGram.lean:9755:0: 'CriticalLinePhasor.ThetaWronskianSuzukiGram.xiDerivTail_abs_le_mid' depends on axioms: [propext,
 Classical.choice,
 Quot.sound]
info: RequestProject/ThetaWronskianSuzukiGram.lean:9756:0: 'CriticalLinePhasor.ThetaWronskianSuzukiGram.xiRadialConcavityNumerator_pos_of_threetenths' depends on axioms: [propext,
 Classical.choice,
 Quot.sound]
info: RequestProject/ThetaWronskianSuzukiGram.lean:9757:0: 'CriticalLinePhasor.ThetaWronskianSuzukiGram.xiRadialHazard_le_iff' depends on axioms: [propext,
 Classical.choice,
 Quot.sound]
info: RequestProject/ThetaWronskianSuzukiGram.lean:9758:0: 'CriticalLinePhasor.ThetaWronskianSuzukiGram.xiCovariance_mixed_nonneg_of_supSign' depends on axioms: [propext,
 Classical.choice,
 Quot.sound]
ℹ [8699/8699] Built RequestProject.JKernelSignLaw (9.9s)
info: RequestProject/JKernelSignLaw.lean:96:0: 'CriticalLinePhasor.JKernel.phiEven_nonneg' depends on axioms: [propext, Classical.choice, Quot.sound]
info: RequestProject/JKernelSignLaw.lean:97:0: 'CriticalLinePhasor.JKernel.jKernel_neg' depends on axioms: [propext, Classical.choice, Quot.sound]
info: RequestProject/JKernelSignLaw.lean:98:0: 'CriticalLinePhasor.JKernel.jKernel_pairing_nonpos' depends on axioms: [propext, Classical.choice, Quot.sound]
info: RequestProject/JKernelSignLaw.lean:99:0: 'CriticalLinePhasor.JKernel.jKernel_pairing_eq' depends on axioms: [propext, Classical.choice, Quot.sound]
Build completed successfully (8699 jobs).
EXIT=0
