# 18 zeros of Lambda(Sym3 f): first 1.54114569, last 30.64670423  [135s]
# rho_j truncation displacement (M=500 vs 1000): max = 1.92e-10
# pair tables built  [185s]
# zero          M=250 d      M=500 d      M=750 d      M=1000 d     R(1000)   lin
# t=1.54114569    -4.077e-02 -1.878e-03 +7.570e-05 -2.554e-06  3.77e-06  0.937
# t=2.496751699   -6.900e-02 -3.609e-03 +1.485e-04 -5.053e-06  4.39e-06  0.978
# t=4.137719119   +2.081e-01 +1.610e-02 -6.972e-04 +2.427e-05  2.71e-05  0.970
# t=5.679934175   -6.170e-02 -7.303e-03 +3.385e-04 -1.211e-05  1.71e-05  0.985
# t=7.901678676   +7.510e-02 +1.952e-02 -1.001e-03 +3.751e-05  2.61e-05  0.912
# t=11.20799887   +2.022e+00 +1.571e+00 -9.905e-02 +3.963e-03  3.50e-03  1.028
# t=13.63478356   +9.218e+00 +1.979e+01 +4.168e+01 +1.168e+01  9.44e-01  1.075
# t=14.20912875   +1.014e+01 +1.987e+01 +3.603e+01 +2.433e+01  9.93e-01  0.959
# t=15.89883326   +1.274e+01 +2.044e+01 +3.095e+01 +4.960e+01  9.89e-01  1.002
# t=17.68251829   +1.526e+01 +2.143e+01 +2.955e+01 +4.166e+01  9.88e-01  1.000
# t=19.86329849   +1.806e+01 +2.297e+01 +2.934e+01 +3.793e+01  9.87e-01  1.000
# t=20.61297708   +1.897e+01 +2.354e+01 +2.949e+01 +3.731e+01  9.87e-01  1.000
# t=21.98037244   +2.059e+01 +2.465e+01 +2.995e+01 +3.668e+01  9.86e-01  1.000
# t=23.49694634   +2.232e+01 +2.592e+01 +3.066e+01 +3.651e+01  9.86e-01  1.000
# t=25.03214653   +2.402e+01 +2.726e+01 +3.154e+01 +3.671e+01  9.86e-01  1.000
# t=25.93920151   +2.501e+01 +2.806e+01 +3.212e+01 +3.696e+01  9.87e-01  1.000
# t=28.82118523   +2.809e+01 +3.068e+01 +3.416e+01 +3.821e+01  9.87e-01  1.000
# t=30.64670423   +3.000e+01 +3.237e+01 +3.557e+01 +3.924e+01  9.87e-01  1.000
# scaling summary (median |d_j(M)| over the 32 zeros):
#   M= 250: median |d| = 1.526e+01
#   M= 500: median |d| = 2.143e+01
#   M= 750: median |d| = 2.995e+01
#   M=1000: median |d| = 3.668e+01
#   ratio med|d(250)|/med|d(1000)| = 0.42
#   ratio med|d(500)|/med|d(1000)| = 0.58
#   ratio med|d(750)|/med|d(1000)| = 0.82
# control tables built  [261s]
# NEGATIVE CONTROL: Lambda(Sym2 f) at Riemann zeros (theory: containment FAILS):
#   t=14.1347251: ratio = 8.588e-01   d(500) = +1.681e+00   d(1000) = +1.681e+00
#   t=21.0220396: ratio = 3.008e-01   d(500) = +3.846e-01   d(1000) = +3.846e-01
#   t=25.0108575: ratio = 5.515e-01   d(500) = +5.597e-01   d(1000) = +5.597e-01
#   t=30.4248761: ratio = 3.765e-01   d(500) = +3.425e-01   d(1000) = +3.425e-01
#   t=32.9350615: ratio = 9.280e-01   d(500) = -1.105e+02   d(1000) = -1.105e+02
# total 265s
