MU6 TOWER  p = 7, k = 1..6  (three rails)
k=1: #C'=7 C_m=[0, 6, 0, 6, 18, 12] sum=OK T0=1 (C': 1)
k=2: #C'=55 C_m=[42, 96, 72, 48, 48, 24] sum=OK T0=-5 (C': -5)
k=3: #C'=358 C_m=[540, 342, 360, 204, 450, 252] sum=OK T0=-14 (C': -14)
k=4: #C'=2363 C_m=[2586, 2520, 2496, 2136, 2376, 2064] sum=OK T0=39 (C': 39)
k=5: #C'=16777 C_m=[15870, 16632, 17388, 16056, 16800, 17916] sum=OK T0=31 (C': 31)
k=6: #C'=118654 C_m=[118908, 120636, 117288, 119760, 116964, 118368] sum=OK T0=-1004 (C': -1004)
conventions: PASS
================================================================
rail j=1: B6 (chi-primitive, NON-SPLIT candidate)
f = T^6 + (4*w + 1)*T^5 + (-12*w - 12)*T^4 + 43*T^3 + 84*w*T^2 + (-196*w - 147)*T + 343
integral: PASS | purity: PASS
*** FREEZE: r = e_6/p^3 = +1
P_piece deg 12: factor = T^12 - 2*T^11 + T^10 + 26*T^9 - 26*T^8 - 26*T^7 + 449*T^6 - 182*T^5 - 1274*T^4 + 8918*T^3 + 2401*T^2 - 33614*T + 117649
SIMPLE: YES (irreducible at split p=7)
================================================================
rail j=2: B3 (mu_3 control)
f = T^6 + (-2*w - 3)*T^5 - 2*T^4 + 3*T^3 - 14*T^2 + (98*w - 49)*T + 343
integral: PASS | purity: PASS
*** FREEZE: r = e_6/p^3 = +1
P_piece deg 12: factor = T^12 - 4*T^11 + 3*T^10 + 14*T^9 - 36*T^8 - 152*T^7 + 849*T^6 - 1064*T^5 - 1764*T^4 + 4802*T^3 + 7203*T^2 - 67228*T + 117649
SIMPLE: YES (irreducible at split p=7)
================================================================
rail j=3: B2 (Z/2-Prym)
f = T^6 - T^5 + 31*T^3 - 49*T + 343
integral: PASS | purity: PASS
*** FREEZE: r = e_6/p^3 = +1
self-conjugate (rational): PASS
P_piece deg 6: factor = (T^2 + 5*T + 7) * (T^2 - 3*T + 7)^2
SIMPLE: no/inspect
