---- p = 11 (INERT) ----
  k=1: C0_aff=10 Ct_aff=10 ker=1 E0=12
  k=2: C0_aff=138 Ct_aff=150 ker=3 E0=144
  k=3: C0_aff=1477 Ct_aff=1477 ker=1 E0=1332
  k=4: C0_aff=14546 Ct_aff=14406 ker=3 E0=14400
  k=5: C0_aff=160880 Ct_aff=160880 ker=1 E0=161052
  k=6: C0_aff=1774731 Ct_aff=1774233 ker=3 E0=1774224
  pattern=split: PRYM GATES PASS  sB=[0, -18, 0, 134, 0, 492]
    P_B = T^12 + 9*T^10 + 7*T^8 - 262*T^6 + 847*T^4 + 131769*T^2 + 1771561
    H^1 profile [1, 1, 1, 1, 1, 1, 1, 1, 1, 1, 1, 1] commutant 12; L^6: D=118 head=[44, 44, 20, 20, 20, 20, 20, 20] commutant=15328 Tate=44
  pattern=partial: PRYM GATES PASS  sB=[0, -18, 0, 134, 0, 492]
    P_B = T^12 + 9*T^10 + 7*T^8 - 262*T^6 + 847*T^4 + 131769*T^2 + 1771561
    H^1 profile [1, 1, 1, 1, 1, 1, 1, 1, 1, 1, 1, 1] commutant 12; L^6: D=118 head=[44, 44, 20, 20, 20, 20, 20, 20] commutant=15328 Tate=44
  pattern=inert: PRYM GATES PASS  sB=[0, -12, 0, 140, 0, 492]
    P_B = T^12 + 6*T^10 - 17*T^8 - 256*T^6 - 2057*T^4 + 87846*T^2 + 1771561
    H^1 profile [1, 1, 1, 1, 1, 1, 1, 1, 1, 1, 1, 1] commutant 12; L^6: D=118 head=[44, 44, 20, 20, 20, 20, 20, 20] commutant=15328 Tate=44
---- p = 13 (SPLIT) ----
  k=1: C0_aff=8 Ct_aff=6 ker=3 E0=12
  k=2: C0_aff=208 Ct_aff=168 ker=3 E0=192
  k=3: C0_aff=2315 Ct_aff=1995 ker=3 E0=2268
  k=4: C0_aff=28800 Ct_aff=28824 ker=3 E0=28416
  k=5: C0_aff=369128 Ct_aff=368346 ker=3 E0=370092
  k=6: C0_aff=4831663 Ct_aff=4833705 ker=3 E0=4826304
  pattern=split: PRYM GATES PASS  sB=[-4, 34, 314, -30, 776, -2048]
    P_B = T^12 + 4*T^11 - 9*T^10 - 162*T^9 - 392*T^8 + 1222*T^7 + 11293*T^6 + 15886*T^5 - 66248*T^4 - 355914*T^3 - 257049*T^2 + 1485172*T + 4826809
    zeta3 factor degrees: [6, 6]
    H^1 profile [1, 1, 1, 1, 1, 1, 1, 1, 1, 1, 1, 1] commutant 12; L^6: D=333 head=[22, 8, 8, 8, 8, 8, 8, 8] commutant=4386 Tate=22
STEP0 DONE
