---- p = 5 (INERT) ----
  k=1: C0_aff=1 Ct_aff=1 ker=1 E0=6
  k=2: C0_aff=25 Ct_aff=21 ker=3 E0=36
  k=3: C0_aff=115 Ct_aff=115 ker=1 E0=126
  k=4: C0_aff=653 Ct_aff=693 ker=3 E0=576
  k=5: C0_aff=3081 Ct_aff=3081 ker=1 E0=3126
  k=6: C0_aff=15907 Ct_aff=16401 ker=3 E0=15876
  pattern=split: PRYM GATES PASS  sB=[0, -2, 0, -46, 0, -500]
    P_B = T^12 + T^10 + 12*T^8 + 95*T^6 + 300*T^4 + 625*T^2 + 15625
    H^1 profile [1, 1, 1, 1, 1, 1, 1, 1, 1, 1, 1, 1] commutant 12; L^6: D=118 head=[44, 44, 20, 20, 20, 20, 20, 20] commutant=15328 Tate=44
  pattern=partial: PRYM GATES PASS  sB=[0, -2, 0, -46, 0, -500]
    P_B = T^12 + T^10 + 12*T^8 + 95*T^6 + 300*T^4 + 625*T^2 + 15625
    H^1 profile [1, 1, 1, 1, 1, 1, 1, 1, 1, 1, 1, 1] commutant 12; L^6: D=118 head=[44, 44, 20, 20, 20, 20, 20, 20] commutant=15328 Tate=44
  pattern=inert: PRYM GATES PASS  sB=[0, 4, 0, -40, 0, -500]
    P_B = T^12 - 2*T^10 + 12*T^8 + 62*T^6 + 300*T^4 - 1250*T^2 + 15625
    H^1 profile [1, 1, 1, 1, 1, 1, 1, 1, 1, 1, 1, 1] commutant 12; L^6: D=118 head=[44, 44, 20, 20, 20, 20, 20, 20] commutant=15328 Tate=44
---- p = 7 (SPLIT) ----
  k=1: C0_aff=9 Ct_aff=9 ker=3 E0=12
  k=2: C0_aff=61 Ct_aff=69 ker=3 E0=48
  k=3: C0_aff=294 Ct_aff=342 ker=3 E0=324
  k=4: C0_aff=2589 Ct_aff=2589 ker=3 E0=2496
  k=5: C0_aff=16929 Ct_aff=17199 ker=3 E0=16572
  k=6: C0_aff=118084 Ct_aff=117354 ker=3 E0=117936
  pattern=split: PRYM GATES PASS  sB=[-6, -14, -54, -6, -276, 724]
    P_B = T^12 + 6*T^11 + 25*T^10 + 96*T^9 + 314*T^8 + 978*T^7 + 2755*T^6 + 6846*T^5 + 15386*T^4 + 32928*T^3 + 60025*T^2 + 100842*T + 117649
    zeta3 factor degrees: [6, 6]
    H^1 profile [1, 1, 1, 1, 1, 1, 1, 1, 1, 1, 1, 1] commutant 12; L^6: D=333 head=[22, 8, 8, 8, 8, 8, 8, 8] commutant=4386 Tate=22
STEP0 DONE
