  scan 22.000000  3.582e-02
  scan 22.050633  3.661e-02
  scan 22.101266  3.676e-02
  scan 22.151899  3.821e-02
  scan 22.202532  3.886e-02
  scan 22.253165  3.852e-02
  scan 22.303797  3.972e-02
  scan 22.354430  4.030e-02
  scan 22.405063  3.958e-02
  scan 22.455696  4.041e-02
  scan 22.506329  4.083e-02
  scan 22.556962  4.003e-02
  scan 22.607595  4.036e-02
  scan 22.658228  4.013e-02
  scan 22.708861  3.995e-02
  scan 22.759494  3.966e-02
  scan 22.810127  3.884e-02
  scan 22.860759  3.929e-02
  scan 22.911392  3.841e-02
  scan 22.962025  3.718e-02
  scan 23.012658  3.736e-02
  scan 23.063291  3.668e-02
  scan 23.113924  3.528e-02
  scan 23.164557  3.500e-02
  scan 23.215190  3.419e-02
  scan 23.265823  3.317e-02
  scan 23.316456  3.234e-02
  scan 23.367089  3.113e-02
  scan 23.417722  3.076e-02
  scan 23.468354  2.946e-02
  scan 23.518987  2.808e-02
  scan 23.569620  2.748e-02
  scan 23.620253  2.642e-02
  scan 23.670886  2.508e-02
  scan 23.721519  2.413e-02
  scan 23.772152  2.291e-02
  scan 23.822785  2.205e-02
  scan 23.873418  2.079e-02
  scan 23.924051  1.953e-02
  scan 23.974684  1.865e-02
  scan 24.025316  1.751e-02
  scan 24.075949  1.633e-02
  scan 24.126582  1.529e-02
  scan 24.177215  1.416e-02
  scan 24.227848  1.323e-02
  scan 24.278481  1.212e-02
  scan 24.329114  1.105e-02
  scan 24.379747  1.011e-02
  scan 24.430380  9.120e-03
  scan 24.481013  8.170e-03
  scan 24.531646  7.236e-03
  scan 24.582278  6.324e-03
  scan 24.632911  5.480e-03
  scan 24.683544  4.631e-03
  scan 24.734177  3.820e-03
  scan 24.784810  3.047e-03
  scan 24.835443  2.303e-03
  scan 24.886076  1.598e-03
  scan 24.936709  9.228e-04
  scan 24.987342  2.844e-04
  scan 25.037975  3.184e-04
  scan 25.088608  8.855e-04
  scan 25.139241  1.416e-03
  scan 25.189873  1.910e-03
  scan 25.240506  2.368e-03
  scan 25.291139  2.788e-03
  scan 25.341772  3.183e-03
  scan 25.392405  3.530e-03
  scan 25.443038  3.849e-03
  scan 25.493671  4.131e-03
  scan 25.544304  4.376e-03
  scan 25.594937  4.613e-03
  scan 25.645570  4.786e-03
  scan 25.696203  4.949e-03
  scan 25.746835  5.069e-03
  scan 25.797468  5.161e-03
  scan 25.848101  5.256e-03
  scan 25.898734  5.282e-03
  scan 25.949367  5.317e-03
  scan 26.000000  5.296e-03
  secant 1: y=25.010878590407547  c=2.5071e-07
  secant 2: y=25.010857572037430  c=9.6754e-11
  secant 3: y=25.010857580145665  c=6.8855e-16
  secant 4: y=25.010857580145622  c=7.1861e-16
event y=25.010857580145622  Z=7.279096e+10  N=72790957927
   R_odd   1.98922819451244450e+01   1.88178370654820412e+02   |R|=1.8922685344e+02
   R_even  1.98922819451243704e+01   1.88178370654820299e+02   |R|=1.8922685344e+02
   F       7.46069872548105195e-14   1.13686837721616030e-13
   c(Z)   7.186150e-16
