  scan 12.000000  7.211e-01
  scan 12.025063  8.761e-01
  scan 12.050125  8.134e-01
  scan 12.075188  8.073e-01
  scan 12.100251  8.554e-01
  scan 12.125313  9.692e-01
  scan 12.150376  9.235e-01
  scan 12.175439  7.133e-01
  scan 12.200501  6.220e-01
  scan 12.225564  5.956e-01
  scan 12.250627  6.221e-01
  scan 12.275689  7.153e-01
  scan 12.300752  7.933e-01
  scan 12.325815  7.462e-01
  scan 12.350877  7.478e-01
  scan 12.375940  7.975e-01
  scan 12.401003  9.031e-01
  scan 12.426065  7.344e-01
  scan 12.451128  6.052e-01
  scan 12.476190  5.536e-01
  scan 12.501253  5.538e-01
  scan 12.526316  6.066e-01
  scan 12.551378  7.397e-01
  scan 12.576441  6.844e-01
  scan 12.601504  6.609e-01
  scan 12.626566  6.766e-01
  scan 12.651629  7.321e-01
  scan 12.676692  7.074e-01
  scan 12.701754  5.652e-01
  scan 12.726817  5.035e-01
  scan 12.751880  4.911e-01
  scan 12.776942  5.230e-01
  scan 12.802005  6.137e-01
  scan 12.827068  6.025e-01
  scan 12.852130  5.701e-01
  scan 12.877193  5.690e-01
  scan 12.902256  5.969e-01
  scan 12.927318  6.154e-01
  scan 12.952381  4.932e-01
  scan 12.977444  4.372e-01
  scan 13.002506  4.231e-01
  scan 13.027569  4.451e-01
  scan 13.052632  5.106e-01
  scan 13.077694  4.975e-01
  scan 13.102757  4.677e-01
  scan 13.127820  4.604e-01
  scan 13.152882  4.728e-01
  scan 13.177945  4.789e-01
  scan 13.203008  3.957e-01
  scan 13.228070  3.560e-01
  scan 13.253133  3.465e-01
  scan 13.278195  3.634e-01
  scan 13.303258  4.089e-01
  scan 13.328321  3.778e-01
  scan 13.353383  3.557e-01
  scan 13.378446  3.473e-01
  scan 13.403509  3.501e-01
  scan 13.428571  3.341e-01
  scan 13.453634  2.880e-01
  scan 13.478697  2.654e-01
  scan 13.503759  2.609e-01
  scan 13.528822  2.715e-01
  scan 13.553885  2.776e-01
  scan 13.578947  2.548e-01
  scan 13.604010  2.396e-01
  scan 13.629073  2.310e-01
  scan 13.654135  2.266e-01
  scan 13.679198  2.029e-01
  scan 13.704261  1.811e-01
  scan 13.729323  1.692e-01
  scan 13.754386  1.646e-01
  scan 13.779449  1.642e-01
  scan 13.804511  1.499e-01
  scan 13.829574  1.357e-01
  scan 13.854637  1.241e-01
  scan 13.879699  1.141e-01
  scan 13.904762  1.027e-01
  scan 13.929825  8.791e-02
  scan 13.954887  7.618e-02
  scan 13.979950  6.623e-02
  scan 14.005013  5.670e-02
  scan 14.030075  4.575e-02
  scan 14.055138  3.439e-02
  scan 14.080201  2.342e-02
  scan 14.105263  1.262e-02
  scan 14.130326  1.875e-03
  scan 14.155388  8.732e-03
  scan 14.180451  1.910e-02
  scan 14.205514  2.925e-02
  scan 14.230576  3.936e-02
  scan 14.255639  4.898e-02
  scan 14.280702  5.730e-02
  scan 14.305764  6.585e-02
  scan 14.330827  7.569e-02
  scan 14.355890  8.756e-02
  scan 14.380952  9.582e-02
  scan 14.406015  1.029e-01
  scan 14.431078  1.108e-01
  scan 14.456140  1.202e-01
  scan 14.481203  1.270e-01
  scan 14.506266  1.286e-01
  scan 14.531328  1.341e-01
  scan 14.556391  1.454e-01
  scan 14.581454  1.632e-01
  scan 14.606516  1.677e-01
  scan 14.631579  1.700e-01
  scan 14.656642  1.754e-01
  scan 14.681704  1.851e-01
  scan 14.706767  1.859e-01
  scan 14.731830  1.810e-01
  scan 14.756892  1.856e-01
  scan 14.781955  2.013e-01
  scan 14.807018  2.285e-01
  scan 14.832080  2.230e-01
  scan 14.857143  2.206e-01
  scan 14.882206  2.245e-01
  scan 14.907268  2.359e-01
  scan 14.932331  2.246e-01
  scan 14.957393  2.177e-01
  scan 14.982456  2.255e-01
  scan 15.007519  2.498e-01
  scan 15.032581  2.725e-01
  scan 15.057644  2.606e-01
  scan 15.082707  2.556e-01
  scan 15.107769  2.603e-01
  scan 15.132832  2.674e-01
  scan 15.157895  2.461e-01
  scan 15.182957  2.433e-01
  scan 15.208020  2.597e-01
  scan 15.233083  2.976e-01
  scan 15.258145  2.962e-01
  scan 15.283208  2.812e-01
  scan 15.308271  2.773e-01
  scan 15.333333  2.862e-01
  scan 15.358396  2.710e-01
  scan 15.383459  2.571e-01
  scan 15.408521  2.647e-01
  scan 15.433584  2.957e-01
  scan 15.458647  3.253e-01
  scan 15.483709  3.013e-01
  scan 15.508772  2.884e-01
  scan 15.533835  2.900e-01
  scan 15.558897  2.902e-01
  scan 15.583960  2.663e-01
  scan 15.609023  2.663e-01
  scan 15.634085  2.902e-01
  scan 15.659148  3.406e-01
  scan 15.684211  3.141e-01
  scan 15.709273  2.935e-01
  scan 15.734336  2.882e-01
  scan 15.759398  2.992e-01
  scan 15.784461  2.696e-01
  scan 15.809524  2.640e-01
  scan 15.834586  2.825e-01
  scan 15.859649  3.273e-01
  scan 15.884712  3.178e-01
  scan 15.909774  2.915e-01
  scan 15.934837  2.809e-01
  scan 15.959900  2.872e-01
  scan 15.984962  2.658e-01
  scan 16.010025  2.573e-01
  scan 16.035088  2.725e-01
  scan 16.060150  3.128e-01
  scan 16.085213  3.112e-01
  scan 16.110276  2.819e-01
  scan 16.135338  2.681e-01
  scan 16.160401  2.713e-01
  scan 16.185464  2.546e-01
  scan 16.210526  2.463e-01
  scan 16.235589  2.604e-01
  scan 16.260652  2.972e-01
  scan 16.285714  2.945e-01
  scan 16.310777  2.647e-01
  scan 16.335840  2.501e-01
  scan 16.360902  2.518e-01
  scan 16.385965  2.373e-01
  scan 16.411028  2.316e-01
  scan 16.436090  2.462e-01
  scan 16.461153  2.800e-01
  scan 16.486216  2.691e-01
  scan 16.511278  2.411e-01
  scan 16.536341  2.277e-01
  scan 16.561404  2.297e-01
  scan 16.586466  2.159e-01
  scan 16.611529  2.143e-01
  scan 16.636591  2.301e-01
  scan 16.661654  2.600e-01
  scan 16.686717  2.373e-01
  scan 16.711779  2.130e-01
  scan 16.736842  2.025e-01
  scan 16.761905  2.054e-01
  scan 16.786967  1.927e-01
  scan 16.812030  1.955e-01
  scan 16.837093  2.121e-01
  scan 16.862155  2.296e-01
  scan 16.887218  2.019e-01
  scan 16.912281  1.828e-01
  scan 16.937343  1.762e-01
  scan 16.962406  1.750e-01
  scan 16.987469  1.694e-01
  scan 17.012531  1.759e-01
  scan 17.037594  1.911e-01
  scan 17.062657  1.888e-01
  scan 17.087719  1.662e-01
  scan 17.112782  1.529e-01
  scan 17.137845  1.503e-01
  scan 17.162907  1.472e-01
  scan 17.187970  1.472e-01
  scan 17.213033  1.552e-01
  scan 17.238095  1.653e-01
  scan 17.263158  1.491e-01
  scan 17.288221  1.328e-01
  scan 17.313283  1.251e-01
  scan 17.338346  1.262e-01
  scan 17.363409  1.229e-01
  scan 17.388471  1.260e-01
  scan 17.413534  1.322e-01
  scan 17.438596  1.298e-01
  scan 17.463659  1.139e-01
  scan 17.488722  1.038e-01
  scan 17.513784  1.010e-01
  scan 17.538847  1.012e-01
  scan 17.563910  1.018e-01
  scan 17.588972  1.050e-01
  scan 17.614035  1.062e-01
  scan 17.639098  9.575e-02
  scan 17.664160  8.550e-02
  scan 17.689223  8.082e-02
  scan 17.714286  8.158e-02
  scan 17.739348  8.188e-02
  scan 17.764411  8.343e-02
  scan 17.789474  8.389e-02
  scan 17.814536  7.945e-02
  scan 17.839599  7.051e-02
  scan 17.864662  6.552e-02
  scan 17.889724  6.496e-02
  scan 17.914787  6.704e-02
  scan 17.939850  6.814e-02
  scan 17.964912  6.835e-02
  scan 17.989975  6.609e-02
  scan 18.015038  6.031e-02
  scan 18.040100  5.594e-02
  scan 18.065163  5.520e-02
  scan 18.090226  5.781e-02
  scan 18.115288  6.004e-02
  scan 18.140351  6.053e-02
  scan 18.165414  5.902e-02
  scan 18.190476  5.626e-02
  scan 18.215539  5.271e-02
  scan 18.240602  5.228e-02
  scan 18.265664  5.500e-02
  scan 18.290727  5.903e-02
  scan 18.315789  5.978e-02
  scan 18.340852  5.860e-02
  scan 18.365915  5.689e-02
  scan 18.390977  5.470e-02
  scan 18.416040  5.451e-02
  scan 18.441103  5.745e-02
  scan 18.466165  6.250e-02
  scan 18.491228  6.339e-02
  scan 18.516291  6.196e-02
  scan 18.541353  6.044e-02
  scan 18.566416  5.934e-02
  scan 18.591479  5.921e-02
  scan 18.616541  6.224e-02
  scan 18.641604  6.738e-02
  scan 18.666667  6.826e-02
  scan 18.691729  6.621e-02
  scan 18.716792  6.470e-02
  scan 18.741855  6.429e-02
  scan 18.766917  6.420e-02
  scan 18.791980  6.726e-02
  scan 18.817043  7.222e-02
  scan 18.842105  7.227e-02
  scan 18.867168  6.960e-02
  scan 18.892231  6.820e-02
  scan 18.917293  6.818e-02
  scan 18.942356  6.822e-02
  scan 18.967419  7.128e-02
  scan 18.992481  7.581e-02
  scan 19.017544  7.434e-02
  scan 19.042607  7.133e-02
  scan 19.067669  7.034e-02
  scan 19.092732  7.038e-02
  scan 19.117794  7.067e-02
  scan 19.142857  7.367e-02
  scan 19.167920  7.748e-02
  scan 19.192982  7.411e-02
  scan 19.218045  7.126e-02
  scan 19.243108  7.097e-02
  scan 19.268170  7.070e-02
  scan 19.293233  7.133e-02
  scan 19.318296  7.412e-02
  scan 19.343358  7.557e-02
  scan 19.368421  7.177e-02
  scan 19.393484  6.957e-02
  scan 19.418546  7.012e-02
  scan 19.443609  6.919e-02
  scan 19.468672  7.011e-02
  scan 19.493734  7.244e-02
  scan 19.518797  7.118e-02
  scan 19.543860  6.775e-02
  scan 19.568922  6.653e-02
  scan 19.593985  6.684e-02
  scan 19.619048  6.601e-02
  scan 19.644110  6.703e-02
  scan 19.669173  6.857e-02
  scan 19.694236  6.509e-02
  scan 19.719298  6.257e-02
  scan 19.744361  6.234e-02
  scan 19.769424  6.163e-02
  scan 19.794486  6.128e-02
  scan 19.819549  6.207e-02
  scan 19.844612  6.110e-02
  scan 19.869674  5.798e-02
  scan 19.894737  5.656e-02
  scan 19.919799  5.658e-02
  scan 19.944862  5.524e-02
  scan 19.969925  5.509e-02
  scan 19.994987  5.531e-02
  scan 20.020050  5.249e-02
  scan 20.045113  5.036e-02
  scan 20.070175  4.979e-02
  scan 20.095238  4.873e-02
  scan 20.120301  4.782e-02
  scan 20.145363  4.749e-02
  scan 20.170426  4.597e-02
  scan 20.195489  4.361e-02
  scan 20.220551  4.237e-02
  scan 20.245614  4.163e-02
  scan 20.270677  4.025e-02
  scan 20.295739  3.942e-02
  scan 20.320802  3.851e-02
  scan 20.345865  3.627e-02
  scan 20.370927  3.469e-02
  scan 20.395990  3.384e-02
  scan 20.421053  3.238e-02
  scan 20.446115  3.120e-02
  scan 20.471178  3.018e-02
  scan 20.496241  2.841e-02
  scan 20.521303  2.676e-02
  scan 20.546366  2.558e-02
  scan 20.571429  2.427e-02
  scan 20.596491  2.292e-02
  scan 20.621554  2.169e-02
  scan 20.646617  2.023e-02
  scan 20.671679  1.866e-02
  scan 20.696742  1.733e-02
  scan 20.721805  1.603e-02
  scan 20.746867  1.465e-02
  scan 20.771930  1.333e-02
  scan 20.796992  1.197e-02
  scan 20.822055  1.053e-02
  scan 20.847118  9.187e-03
  scan 20.872180  7.873e-03
  scan 20.897243  6.528e-03
  scan 20.922306  5.203e-03
  scan 20.947368  3.884e-03
  scan 20.972431  2.564e-03
  scan 20.997494  1.264e-03
  scan 21.022556  2.649e-05
  scan 21.047619  1.304e-03
  scan 21.072682  2.566e-03
  scan 21.097744  3.819e-03
  scan 21.122807  5.049e-03
  scan 21.147870  6.271e-03
  scan 21.172932  7.492e-03
  scan 21.197995  8.639e-03
  scan 21.223058  9.782e-03
  scan 21.248120  1.098e-02
  scan 21.273183  1.210e-02
  scan 21.298246  1.322e-02
  scan 21.323308  1.438e-02
  scan 21.348371  1.534e-02
  scan 21.373434  1.632e-02
  scan 21.398496  1.748e-02
  scan 21.423559  1.847e-02
  scan 21.448622  1.949e-02
  scan 21.473684  2.059e-02
  scan 21.498747  2.131e-02
  scan 21.523810  2.212e-02
  scan 21.548872  2.326e-02
  scan 21.573935  2.411e-02
  scan 21.598997  2.499e-02
  scan 21.624060  2.603e-02
  scan 21.649123  2.647e-02
  scan 21.674185  2.712e-02
  scan 21.699248  2.828e-02
  scan 21.724311  2.893e-02
  scan 21.749373  2.970e-02
  scan 21.774436  3.067e-02
  scan 21.799499  3.078e-02
  scan 21.824561  3.131e-02
  scan 21.849624  3.251e-02
  scan 21.874687  3.291e-02
  scan 21.899749  3.356e-02
  scan 21.924812  3.441e-02
  scan 21.949875  3.420e-02
  scan 21.974937  3.469e-02
  scan 22.000000  3.582e-02
  secant 1: y=14.134722890102285  c=9.5858e-07
  secant 2: y=14.134725141347459  c=1.6443e-10
  secant 3: y=14.134725141733618  c=3.1320e-12
  secant 4: y=14.134725141733588  c=3.1229e-12
event y=14.134725141733588  Z=1.376047e+06  N=1376046
   R_odd   2.99223326864842454e+00  -3.11799647708304217e+00   |R|=4.3214999670e+00
   R_even  2.99223326863821759e+00  -3.11799647707421324e+00   |R|=4.3214999670e+00
   F       1.02069463991938392e-11  -8.82893758102909487e-12
   c(Z)   3.122903e-12
  secant 1: y=21.022014566540452  c=1.2856e-06
  secant 2: y=21.022039584804727  c=2.7672e-09
  secant 3: y=21.022039638771730  c=1.1389e-14
  secant 4: y=21.022039638771513  c=4.5040e-15
event y=21.022039638771513  Z=1.348205e+09  N=1348204627
   R_odd  -3.86860702327304224e+01   2.16830825180745954e+01   |R|=4.4348259239e+01
   R_even -3.86860702327302235e+01   2.16830825180745776e+01   |R|=4.4348259239e+01
   F      -1.98951966012828052e-13   1.77635683940025046e-14
   c(Z)   4.503974e-15
