This is pdfTeX, Version 3.141592653-2.6-1.40.28 (TeX Live 2025) (preloaded format=pdflatex 2025.8.6)  3 AUG 2026 11:36
entering extended mode
 restricted \write18 enabled.
 %&-line parsing enabled.
**erdos377_partial.tex
(./erdos377_partial.tex
LaTeX2e <2025-06-01> patch level 1
L3 programming layer <2025-07-20>
(/usr/local/texlive/2025/texmf-dist/tex/latex/base/article.cls
Document Class: article 2025/01/22 v1.4n Standard LaTeX document class
(/usr/local/texlive/2025/texmf-dist/tex/latex/base/size11.clo
File: size11.clo 2025/01/22 v1.4n Standard LaTeX file (size option)
)
\c@part=\count275
\c@section=\count276
\c@subsection=\count277
\c@subsubsection=\count278
\c@paragraph=\count279
\c@subparagraph=\count280
\c@figure=\count281
\c@table=\count282
\abovecaptionskip=\skip49
\belowcaptionskip=\skip50
\bibindent=\dimen148
)
(/usr/local/texlive/2025/texmf-dist/tex/latex/amsmath/amsmath.sty
Package: amsmath 2025/06/16 v2.17y AMS math features
\@mathmargin=\skip51

For additional information on amsmath, use the `?' option.
(/usr/local/texlive/2025/texmf-dist/tex/latex/amsmath/amstext.sty
Package: amstext 2024/11/17 v2.01 AMS text

(/usr/local/texlive/2025/texmf-dist/tex/latex/amsmath/amsgen.sty
File: amsgen.sty 1999/11/30 v2.0 generic functions
\@emptytoks=\toks17
\ex@=\dimen149
))
(/usr/local/texlive/2025/texmf-dist/tex/latex/amsmath/amsbsy.sty
Package: amsbsy 1999/11/29 v1.2d Bold Symbols
\pmbraise@=\dimen150
)
(/usr/local/texlive/2025/texmf-dist/tex/latex/amsmath/amsopn.sty
Package: amsopn 2022/04/08 v2.04 operator names
)
\inf@bad=\count283
LaTeX Info: Redefining \frac on input line 233.
\uproot@=\count284
\leftroot@=\count285
LaTeX Info: Redefining \overline on input line 398.
LaTeX Info: Redefining \colon on input line 409.
\classnum@=\count286
\DOTSCASE@=\count287
LaTeX Info: Redefining \ldots on input line 495.
LaTeX Info: Redefining \dots on input line 498.
LaTeX Info: Redefining \cdots on input line 619.
\Mathstrutbox@=\box53
\strutbox@=\box54
LaTeX Info: Redefining \big on input line 721.
LaTeX Info: Redefining \Big on input line 722.
LaTeX Info: Redefining \bigg on input line 723.
LaTeX Info: Redefining \Bigg on input line 724.
\big@size=\dimen151
LaTeX Font Info:    Redeclaring font encoding OML on input line 742.
LaTeX Font Info:    Redeclaring font encoding OMS on input line 743.
\macc@depth=\count288
LaTeX Info: Redefining \bmod on input line 904.
LaTeX Info: Redefining \pmod on input line 909.
LaTeX Info: Redefining \smash on input line 939.
LaTeX Info: Redefining \relbar on input line 969.
LaTeX Info: Redefining \Relbar on input line 970.
\c@MaxMatrixCols=\count289
\dotsspace@=\muskip17
\c@parentequation=\count290
\dspbrk@lvl=\count291
\tag@help=\toks18
\row@=\count292
\column@=\count293
\maxfields@=\count294
\andhelp@=\toks19
\eqnshift@=\dimen152
\alignsep@=\dimen153
\tagshift@=\dimen154
\tagwidth@=\dimen155
\totwidth@=\dimen156
\lineht@=\dimen157
\@envbody=\toks20
\multlinegap=\skip52
\multlinetaggap=\skip53
\mathdisplay@stack=\toks21
LaTeX Info: Redefining \[ on input line 2949.
LaTeX Info: Redefining \] on input line 2950.
)
(/usr/local/texlive/2025/texmf-dist/tex/latex/amsfonts/amssymb.sty
Package: amssymb 2013/01/14 v3.01 AMS font symbols

(/usr/local/texlive/2025/texmf-dist/tex/latex/amsfonts/amsfonts.sty
Package: amsfonts 2013/01/14 v3.01 Basic AMSFonts support
\symAMSa=\mathgroup4
\symAMSb=\mathgroup5
LaTeX Font Info:    Redeclaring math symbol \hbar on input line 98.
LaTeX Font Info:    Overwriting math alphabet `\mathfrak' in version `bold'
(Font)                  U/euf/m/n --> U/euf/b/n on input line 106.
))
(/usr/local/texlive/2025/texmf-dist/tex/latex/amscls/amsthm.sty
Package: amsthm 2020/05/29 v2.20.6
\thm@style=\toks22
\thm@bodyfont=\toks23
\thm@headfont=\toks24
\thm@notefont=\toks25
\thm@headpunct=\toks26
\thm@preskip=\skip54
\thm@postskip=\skip55
\thm@headsep=\skip56
\dth@everypar=\toks27
)
(/usr/local/texlive/2025/texmf-dist/tex/latex/geometry/geometry.sty
Package: geometry 2020/01/02 v5.9 Page Geometry

(/usr/local/texlive/2025/texmf-dist/tex/latex/graphics/keyval.sty
Package: keyval 2022/05/29 v1.15 key=value parser (DPC)
\KV@toks@=\toks28
)
(/usr/local/texlive/2025/texmf-dist/tex/generic/iftex/ifvtex.sty
Package: ifvtex 2019/10/25 v1.7 ifvtex legacy package. Use iftex instead.

(/usr/local/texlive/2025/texmf-dist/tex/generic/iftex/iftex.sty
Package: iftex 2024/12/12 v1.0g TeX engine tests
))
\Gm@cnth=\count295
\Gm@cntv=\count296
\c@Gm@tempcnt=\count297
\Gm@bindingoffset=\dimen158
\Gm@wd@mp=\dimen159
\Gm@odd@mp=\dimen160
\Gm@even@mp=\dimen161
\Gm@layoutwidth=\dimen162
\Gm@layoutheight=\dimen163
\Gm@layouthoffset=\dimen164
\Gm@layoutvoffset=\dimen165
\Gm@dimlist=\toks29
)
\c@theorem=\count298

(/usr/local/texlive/2025/texmf-dist/tex/latex/l3backend/l3backend-pdftex.def
File: l3backend-pdftex.def 2025-06-09 L3 backend support: PDF output (pdfTeX)
\l__color_backend_stack_int=\count299
)
(./erdos377_partial.aux)
\openout1 = `erdos377_partial.aux'.

LaTeX Font Info:    Checking defaults for OML/cmm/m/it on input line 17.
LaTeX Font Info:    ... okay on input line 17.
LaTeX Font Info:    Checking defaults for OMS/cmsy/m/n on input line 17.
LaTeX Font Info:    ... okay on input line 17.
LaTeX Font Info:    Checking defaults for OT1/cmr/m/n on input line 17.
LaTeX Font Info:    ... okay on input line 17.
LaTeX Font Info:    Checking defaults for T1/cmr/m/n on input line 17.
LaTeX Font Info:    ... okay on input line 17.
LaTeX Font Info:    Checking defaults for TS1/cmr/m/n on input line 17.
LaTeX Font Info:    ... okay on input line 17.
LaTeX Font Info:    Checking defaults for OMX/cmex/m/n on input line 17.
LaTeX Font Info:    ... okay on input line 17.
LaTeX Font Info:    Checking defaults for U/cmr/m/n on input line 17.
LaTeX Font Info:    ... okay on input line 17.

*geometry* driver: auto-detecting
*geometry* detected driver: pdftex
*geometry* verbose mode - [ preamble ] result:
* driver: pdftex
* paper: <default>
* layout: <same size as paper>
* layoutoffset:(h,v)=(0.0pt,0.0pt)
* modes: 
* h-part:(L,W,R)=(86.72377pt, 440.84746pt, 86.72377pt)
* v-part:(T,H,B)=(86.72377pt, 621.52245pt, 86.72377pt)
* \paperwidth=614.295pt
* \paperheight=794.96999pt
* \textwidth=440.84746pt
* \textheight=621.52245pt
* \oddsidemargin=14.45378pt
* \evensidemargin=14.45378pt
* \topmargin=-22.54622pt
* \headheight=12.0pt
* \headsep=25.0pt
* \topskip=11.0pt
* \footskip=30.0pt
* \marginparwidth=59.0pt
* \marginparsep=10.0pt
* \columnsep=10.0pt
* \skip\footins=10.0pt plus 4.0pt minus 2.0pt
* \hoffset=0.0pt
* \voffset=0.0pt
* \mag=1000
* \@twocolumnfalse
* \@twosidefalse
* \@mparswitchfalse
* \@reversemarginfalse
* (1in=72.27pt=25.4mm, 1cm=28.453pt)

LaTeX Font Info:    Trying to load font information for U+msa on input line 18.

(/usr/local/texlive/2025/texmf-dist/tex/latex/amsfonts/umsa.fd
File: umsa.fd 2013/01/14 v3.01 AMS symbols A
)
LaTeX Font Info:    Trying to load font information for U+msb on input line 18.


(/usr/local/texlive/2025/texmf-dist/tex/latex/amsfonts/umsb.fd
File: umsb.fd 2013/01/14 v3.01 AMS symbols B
)
Overfull \hbox (21.21312pt too wide) in paragraph at lines 21--32
[]\OT1/cmr/m/n/10 Erd}os, Gra-ham, Ruzsa and Straus (1975) con-jec-tured that $
[][] 1\OML/cmm/m/it/10 =p \OT1/cmr/m/n/10 = (1 + \OML/cmm/m/it/10 o\OT1/cmr/m/n
/10 (1)) [] [] \OML/cmm/m/it/10 n$\OT1/cmr/m/n/10 .
 []



[1

{/usr/local/texlive/2025/texmf-var/fonts/map/pdftex/updmap/pdftex.map}{/usr/loc
al/texlive/2025/texmf-dist/fonts/enc/dvips/cm-super/cm-super-ts1.enc}]
Overfull \hbox (28.2312pt too wide) in paragraph at lines 87--97
\OT1/cmr/m/it/10.95 and con-se-quently the carry strips $[] \OMS/cmsy/m/n/10.95
 2 \OT1/cmr/m/n/10.95 [[]\OML/cmm/m/it/10.95 ; \OT1/cmr/m/n/10.95 1)$ \OT1/cmr/
m/it/10.95 carry the frac-tion $\OML/cmm/m/it/10.95 ^^[[] \OT1/cmr/m/n/10.95 = 
[][][] [] [][]\OML/cmm/m/it/10.95 = [] n[]$\OT1/cmr/m/it/10.95 -
 []


Overfull \hbox (78.67783pt too wide) in paragraph at lines 87--97
\OT1/cmr/m/n/10.95 verified as \OT1/cmtt/m/n/10.95 levelOneCarryMass[]eq[]band[
]sum \OT1/cmr/m/n/10.95 and the two-level form as \OT1/cmtt/m/n/10.95 levelTwoJ
ointCarry[]fiber[]logMass\OT1/cmr/m/n/10.95 .] 
 []


Overfull \hbox (13.31569pt too wide) detected at line 119
\OT1/cmr/m/n/10.95 #[]\OML/cmm/m/it/10.95 p \OMS/cmsy/m/n/10.95 2 \OT1/cmr/m/n/
10.95 (\OML/cmm/m/it/10.95 n[]; n[]\OT1/cmr/m/n/10.95 ] :  [] \OMS/cmsy/m/n/10.
95 2 \OML/cmm/m/it/10.95 I[] \OT1/cmr/m/n/10.95 (1 \OMS/cmsy/m/n/10.95 ^^T \OML
/cmm/m/it/10.95 i \OMS/cmsy/m/n/10.95 ^^T \OML/cmm/m/it/10.95 J\OT1/cmr/m/n/10.
95 )[] = [][] \OMS/cmsy/m/n/10.95 j\OML/cmm/m/it/10.95 I[]\OMS/cmsy/m/n/10.95 j
 \OT1/cmr/m/n/10.95 + \OML/cmm/m/it/10.95 o\OT1/cmr/m/n/10.95 (1)[] \OML/cmm/m/
it/10.95 ^^Y[]n[][] \OMS/cmsy/m/n/10.95 ^^@ \OML/cmm/m/it/10.95 ^^Y[]n[][][];
 []



[2]

LaTeX Warning: Reference `sec:vaughan' on page 3 undefined on input line 153.


LaTeX Warning: Reference `sec:typeI' on page 3 undefined on input line 156.


LaTeX Warning: Reference `sec:typeII' on page 3 undefined on input line 159.


LaTeX Warning: Reference `sec:vaughan' on page 3 undefined on input line 171.


LaTeX Warning: Reference `sec:typeII' on page 3 undefined on input line 171.



[3]

LaTeX Warning: Reference `lem:KL' on page 4 undefined on input line 234.


LaTeX Warning: Reference `lem:vdc2' on page 4 undefined on input line 264.


LaTeX Warning: Reference `lem:weyl' on page 4 undefined on input line 265.


LaTeX Warning: Reference `lem:vdcr' on page 4 undefined on input line 289.



[4]

LaTeX Warning: Reference `lem:typeI' on page 5 undefined on input line 340.


Overfull \hbox (10.66423pt too wide) in paragraph at lines 344--346
[]\OT1/cmr/m/n/10.95 By Cauchy--Schwarz in $\OML/cmm/m/it/10.95 m$ \OT1/cmr/m/n
/10.95 (ab-sorb-ing $\OML/cmm/m/it/10.95 ^^\\OT1/cmr/m/n/10.95 (\OML/cmm/m/it/1
0.95 m\OT1/cmr/m/n/10.95 )[]$ by the stan-dard mean value $[][] \OML/cmm/m/it/1
0.95 ^^\\OT1/cmr/m/n/10.95 (\OML/cmm/m/it/10.95 m\OT1/cmr/m/n/10.95 )[] \OMS/cm
sy/m/n/10.95 ^^\
 []


LaTeX Warning: Reference `lem:typeI' on page 5 undefined on input line 355.


Overfull \hbox (8.9025pt too wide) detected at line 367
\OML/cmm/m/it/10.95 "[] \OT1/cmr/m/n/10.95 = ([] [] \OML/cmm/m/it/10.95 n\OT1/c
mr/m/n/10.95 )[]\OML/cmm/m/it/10.95 ;  J\OT1/cmr/m/n/10.95 (\OML/cmm/m/it/10.95
 n\OT1/cmr/m/n/10.95 ) = []([] [] \OML/cmm/m/it/10.95 n\OT1/cmr/m/n/10.95 )[][]
\OML/cmm/m/it/10.95 ;  K\OT1/cmr/m/n/10.95 (\OML/cmm/m/it/10.95 n\OT1/cmr/m/n/1
0.95 ) = ([] \OML/cmm/m/it/10.95 n\OT1/cmr/m/n/10.95 )[]\OML/cmm/m/it/10.95 ;  
H\OT1/cmr/m/n/10.95 (\OML/cmm/m/it/10.95 n\OT1/cmr/m/n/10.95 ) = ([] \OML/cmm/m
/it/10.95 n\OT1/cmr/m/n/10.95 )[]\OML/cmm/m/it/10.95 :
 []


LaTeX Warning: Reference `lem:typeI' on page 5 undefined on input line 373.


LaTeX Warning: Reference `lem:typeII' on page 5 undefined on input line 373.


Overfull \hbox (54.8432pt too wide) detected at line 379
\OML/cmm/m/it/10.95 ^^Q[] \OMS/cmsy/m/n/10.95 ^^] \OT1/cmr/m/n/10.95 2[] = 2[] 
\OMS/cmsy/m/n/10.95 ^^U [][]^^@\OML/cmm/m/it/10.95 c\OT1/cmr/m/n/10.95 ([] [] \
OML/cmm/m/it/10.95 n\OT1/cmr/m/n/10.95 )[][]\OML/cmm/m/it/10.95 ;  [] L[] \OMS/
cmsy/m/n/10.95 ^^U [][]\OML/cmm/m/it/10.95 c[] \OT1/cmr/m/n/10.95 ([] \OML/cmm/
m/it/10.95 n\OT1/cmr/m/n/10.95 )[] \OML/cmm/m/it/10.95 e[][]  \OMS/cmsy/m/n/10.
95 ^^]  \OT1/cmr/m/n/10.95 ([] \OML/cmm/m/it/10.95 n\OT1/cmr/m/n/10.95 )[]
 []



[5]

LaTeX Warning: Reference `lem:typeI' on page 6 undefined on input line 390.


LaTeX Warning: Reference `lem:vaughan' on page 6 undefined on input line 392.


LaTeX Warning: Reference `lem:typeII' on page 6 undefined on input line 392.


Overfull \hbox (180.50005pt too wide) in paragraph at lines 415--424
\OT1/cmr/m/n/10.95 Math-lib (\OT1/cmtt/m/n/10.95 RequestProject/Erdos377CarryRa
ils.lean\OT1/cmr/m/n/10.95 , $\OMS/cmsy/m/n/10.95 ^^X$\OT1/cmr/m/n/10.95 7,600 
lines, ax-iom foot-print $\OMS/cmsy/m/n/10.95 f[]\OML/cmm/m/it/10.95 ; []; []\O
MS/cmsy/m/n/10.95 g$\OT1/cmr/m/n/10.95 ,
 []



[6] (./erdos377_partial.aux)
 ***********
LaTeX2e <2025-06-01> patch level 1
L3 programming layer <2025-07-20>
 ***********


LaTeX Warning: There were undefined references.


LaTeX Warning: Label(s) may have changed. Rerun to get cross-references right.

 ) 
Here is how much of TeX's memory you used:
 2475 strings out of 467801
 35514 string characters out of 5431917
 455849 words of memory out of 5000000
 31121 multiletter control sequences out of 15000+600000
 640191 words of font info for 92 fonts, out of 8000000 for 9000
 1141 hyphenation exceptions out of 8191
 57i,8n,65p,247b,223s stack positions out of 10000i,1000n,20000p,200000b,200000s
</usr/local/texlive/2025/texmf-dist/fonts/type1/public/amsfonts/cm/cmbx10.pfb
></usr/local/texlive/2025/texmf-dist/fonts/type1/public/amsfonts/cm/cmbx12.pfb>
</usr/local/texlive/2025/texmf-dist/fonts/type1/public/amsfonts/cm/cmex10.pfb><
/usr/local/texlive/2025/texmf-dist/fonts/type1/public/amsfonts/cm/cmitt10.pfb><
/usr/local/texlive/2025/texmf-dist/fonts/type1/public/amsfonts/cm/cmmi10.pfb></
usr/local/texlive/2025/texmf-dist/fonts/type1/public/amsfonts/cm/cmmi12.pfb></u
sr/local/texlive/2025/texmf-dist/fonts/type1/public/amsfonts/cm/cmmi5.pfb></usr
/local/texlive/2025/texmf-dist/fonts/type1/public/amsfonts/cm/cmmi6.pfb></usr/l
ocal/texlive/2025/texmf-dist/fonts/type1/public/amsfonts/cm/cmmi7.pfb></usr/loc
al/texlive/2025/texmf-dist/fonts/type1/public/amsfonts/cm/cmmi8.pfb></usr/local
/texlive/2025/texmf-dist/fonts/type1/public/amsfonts/cm/cmr10.pfb></usr/local/t
exlive/2025/texmf-dist/fonts/type1/public/amsfonts/cm/cmr12.pfb></usr/local/tex
live/2025/texmf-dist/fonts/type1/public/amsfonts/cm/cmr17.pfb></usr/local/texli
ve/2025/texmf-dist/fonts/type1/public/amsfonts/cm/cmr5.pfb></usr/local/texlive/
2025/texmf-dist/fonts/type1/public/amsfonts/cm/cmr6.pfb></usr/local/texlive/202
5/texmf-dist/fonts/type1/public/amsfonts/cm/cmr7.pfb></usr/local/texlive/2025/t
exmf-dist/fonts/type1/public/amsfonts/cm/cmr8.pfb></usr/local/texlive/2025/texm
f-dist/fonts/type1/public/amsfonts/cm/cmsy10.pfb></usr/local/texlive/2025/texmf
-dist/fonts/type1/public/amsfonts/cm/cmsy6.pfb></usr/local/texlive/2025/texmf-d
ist/fonts/type1/public/amsfonts/cm/cmsy7.pfb></usr/local/texlive/2025/texmf-dis
t/fonts/type1/public/amsfonts/cm/cmsy8.pfb></usr/local/texlive/2025/texmf-dist/
fonts/type1/public/amsfonts/cm/cmti10.pfb></usr/local/texlive/2025/texmf-dist/f
onts/type1/public/amsfonts/cm/cmtt10.pfb></usr/local/texlive/2025/texmf-dist/fo
nts/type1/public/amsfonts/symbols/msbm10.pfb></usr/local/texlive/2025/texmf-dis
t/fonts/type1/public/cm-super/sfrm1095.pfb></usr/local/texlive/2025/texmf-dist/
fonts/type1/public/cm-super/sfti1095.pfb>
Output written on erdos377_partial.pdf (6 pages, 314777 bytes).
PDF statistics:
 154 PDF objects out of 1000 (max. 8388607)
 93 compressed objects within 1 object stream
 0 named destinations out of 1000 (max. 500000)
 1 words of extra memory for PDF output out of 10000 (max. 10000000)

